iks01a2_motion_sensors.c:1061:16:LSM6DSL_0_Probe	80	static
iks01a2_motion_sensors.c:1143:16:LSM303AGR_ACC_0_Probe	88	static
iks01a2_motion_sensors.c:1218:16:LSM303AGR_MAG_0_Probe	88	static
iks01a2_motion_sensors.c:150:9:IKS01A2_MOTION_SENSOR_Init	56	static
iks01a2_motion_sensors.c:615:9:IKS01A2_MOTION_SENSOR_DeInit	8	static
iks01a2_motion_sensors.c:641:9:IKS01A2_MOTION_SENSOR_GetCapabilities	8	static
iks01a2_motion_sensors.c:667:9:IKS01A2_MOTION_SENSOR_ReadID	8	static
iks01a2_motion_sensors.c:696:9:IKS01A2_MOTION_SENSOR_Enable	8	static
iks01a2_motion_sensors.c:735:9:IKS01A2_MOTION_SENSOR_Disable	8	static
iks01a2_motion_sensors.c:775:9:IKS01A2_MOTION_SENSOR_GetAxes	8	static
iks01a2_motion_sensors.c:815:9:IKS01A2_MOTION_SENSOR_GetAxesRaw	8	static
iks01a2_motion_sensors.c:855:9:IKS01A2_MOTION_SENSOR_GetSensitivity	8	static
iks01a2_motion_sensors.c:896:9:IKS01A2_MOTION_SENSOR_GetOutputDataRate	8	static
iks01a2_motion_sensors.c:936:9:IKS01A2_MOTION_SENSOR_GetFullScale	8	static
iks01a2_motion_sensors.c:977:9:IKS01A2_MOTION_SENSOR_SetOutputDataRate	8	static
iks01a2_motion_sensors.c:1017:9:IKS01A2_MOTION_SENSOR_SetFullScale	8	static
