Archive member included to satisfy reference by file (symbol)

d:/st/stm32cubeide_1.5.0/stm32cubeide/plugins/com.st.stm32cube.ide.mcu.externaltools.gnu-tools-for-stm32.9-2020-q2-update.win32_1.5.0.202011040924/tools/bin/../lib/gcc/arm-none-eabi/9.3.1/../../../../arm-none-eabi/lib/thumb/v7e-m+fp/hard\libc_nano.a(lib_a-errno.o)
                              Src/syscalls.o (__errno)
d:/st/stm32cubeide_1.5.0/stm32cubeide/plugins/com.st.stm32cube.ide.mcu.externaltools.gnu-tools-for-stm32.9-2020-q2-update.win32_1.5.0.202011040924/tools/bin/../lib/gcc/arm-none-eabi/9.3.1/../../../../arm-none-eabi/lib/thumb/v7e-m+fp/hard\libc_nano.a(lib_a-exit.o)
                              d:/st/stm32cubeide_1.5.0/stm32cubeide/plugins/com.st.stm32cube.ide.mcu.externaltools.gnu-tools-for-stm32.9-2020-q2-update.win32_1.5.0.202011040924/tools/bin/../lib/gcc/arm-none-eabi/9.3.1/../../../../arm-none-eabi/lib/thumb/v7e-m+fp/hard/crt0.o (exit)
d:/st/stm32cubeide_1.5.0/stm32cubeide/plugins/com.st.stm32cube.ide.mcu.externaltools.gnu-tools-for-stm32.9-2020-q2-update.win32_1.5.0.202011040924/tools/bin/../lib/gcc/arm-none-eabi/9.3.1/../../../../arm-none-eabi/lib/thumb/v7e-m+fp/hard\libc_nano.a(lib_a-impure.o)
                              d:/st/stm32cubeide_1.5.0/stm32cubeide/plugins/com.st.stm32cube.ide.mcu.externaltools.gnu-tools-for-stm32.9-2020-q2-update.win32_1.5.0.202011040924/tools/bin/../lib/gcc/arm-none-eabi/9.3.1/../../../../arm-none-eabi/lib/thumb/v7e-m+fp/hard\libc_nano.a(lib_a-exit.o) (_global_impure_ptr)
d:/st/stm32cubeide_1.5.0/stm32cubeide/plugins/com.st.stm32cube.ide.mcu.externaltools.gnu-tools-for-stm32.9-2020-q2-update.win32_1.5.0.202011040924/tools/bin/../lib/gcc/arm-none-eabi/9.3.1/../../../../arm-none-eabi/lib/thumb/v7e-m+fp/hard\libc_nano.a(lib_a-init.o)
                              d:/st/stm32cubeide_1.5.0/stm32cubeide/plugins/com.st.stm32cube.ide.mcu.externaltools.gnu-tools-for-stm32.9-2020-q2-update.win32_1.5.0.202011040924/tools/bin/../lib/gcc/arm-none-eabi/9.3.1/../../../../arm-none-eabi/lib/thumb/v7e-m+fp/hard/crt0.o (__libc_init_array)
d:/st/stm32cubeide_1.5.0/stm32cubeide/plugins/com.st.stm32cube.ide.mcu.externaltools.gnu-tools-for-stm32.9-2020-q2-update.win32_1.5.0.202011040924/tools/bin/../lib/gcc/arm-none-eabi/9.3.1/../../../../arm-none-eabi/lib/thumb/v7e-m+fp/hard\libc_nano.a(lib_a-memset.o)
                              d:/st/stm32cubeide_1.5.0/stm32cubeide/plugins/com.st.stm32cube.ide.mcu.externaltools.gnu-tools-for-stm32.9-2020-q2-update.win32_1.5.0.202011040924/tools/bin/../lib/gcc/arm-none-eabi/9.3.1/../../../../arm-none-eabi/lib/thumb/v7e-m+fp/hard/crt0.o (memset)
d:/st/stm32cubeide_1.5.0/stm32cubeide/plugins/com.st.stm32cube.ide.mcu.externaltools.gnu-tools-for-stm32.9-2020-q2-update.win32_1.5.0.202011040924/tools/bin/../lib/gcc/arm-none-eabi/9.3.1/../../../../arm-none-eabi/lib/thumb/v7e-m+fp/hard\libc_nano.a(lib_a-nano-vfprintf_float.o)
                              (_printf_float)
d:/st/stm32cubeide_1.5.0/stm32cubeide/plugins/com.st.stm32cube.ide.mcu.externaltools.gnu-tools-for-stm32.9-2020-q2-update.win32_1.5.0.202011040924/tools/bin/../lib/gcc/arm-none-eabi/9.3.1/../../../../arm-none-eabi/lib/thumb/v7e-m+fp/hard\libc_nano.a(lib_a-nano-vfprintf_i.o)
                              d:/st/stm32cubeide_1.5.0/stm32cubeide/plugins/com.st.stm32cube.ide.mcu.externaltools.gnu-tools-for-stm32.9-2020-q2-update.win32_1.5.0.202011040924/tools/bin/../lib/gcc/arm-none-eabi/9.3.1/../../../../arm-none-eabi/lib/thumb/v7e-m+fp/hard\libc_nano.a(lib_a-nano-vfprintf_float.o) (_printf_common)
d:/st/stm32cubeide_1.5.0/stm32cubeide/plugins/com.st.stm32cube.ide.mcu.externaltools.gnu-tools-for-stm32.9-2020-q2-update.win32_1.5.0.202011040924/tools/bin/../lib/gcc/arm-none-eabi/9.3.1/../../../../arm-none-eabi/lib/thumb/v7e-m+fp/hard\libc_nano.a(lib_a-snprintf.o)
                              Src/main.o (snprintf)
d:/st/stm32cubeide_1.5.0/stm32cubeide/plugins/com.st.stm32cube.ide.mcu.externaltools.gnu-tools-for-stm32.9-2020-q2-update.win32_1.5.0.202011040924/tools/bin/../lib/gcc/arm-none-eabi/9.3.1/../../../../arm-none-eabi/lib/thumb/v7e-m+fp/hard\libc_nano.a(lib_a-strlen.o)
                              d:/st/stm32cubeide_1.5.0/stm32cubeide/plugins/com.st.stm32cube.ide.mcu.externaltools.gnu-tools-for-stm32.9-2020-q2-update.win32_1.5.0.202011040924/tools/bin/../lib/gcc/arm-none-eabi/9.3.1/../../../../arm-none-eabi/lib/thumb/v7e-m+fp/hard\libc_nano.a(lib_a-nano-vfprintf_float.o) (strlen)
d:/st/stm32cubeide_1.5.0/stm32cubeide/plugins/com.st.stm32cube.ide.mcu.externaltools.gnu-tools-for-stm32.9-2020-q2-update.win32_1.5.0.202011040924/tools/bin/../lib/gcc/arm-none-eabi/9.3.1/../../../../arm-none-eabi/lib/thumb/v7e-m+fp/hard\libc_nano.a(lib_a-dtoa.o)
[...]
Memory Configuration

Name             Origin             Length             Attributes
RAM              0x0000000020000000 0x0000000000018000 xrw
FLASH            0x0000000008000000 0x0000000000080000 xr
*default*        0x0000000000000000 0xffffffffffffffff

Linker script and memory map

LOAD d:/st/stm32cubeide_1.5.0/stm32cubeide/plugins/com.st.stm32cube.ide.mcu.externaltools.gnu-tools-for-stm32.9-2020-q2-update.win32_1.5.0.202011040924/tools/bin/../lib/gcc/arm-none-eabi/9.3.1/thumb/v7e-m+fp/hard/crti.o
LOAD d:/st/stm32cubeide_1.5.0/stm32cubeide/plugins/com.st.stm32cube.ide.mcu.externaltools.gnu-tools-for-stm32.9-2020-q2-update.win32_1.5.0.202011040924/tools/bin/../lib/gcc/arm-none-eabi/9.3.1/thumb/v7e-m+fp/hard/crtbegin.o
LOAD d:/st/stm32cubeide_1.5.0/stm32cubeide/plugins/com.st.stm32cube.ide.mcu.externaltools.gnu-tools-for-stm32.9-2020-q2-update.win32_1.5.0.202011040924/tools/bin/../lib/gcc/arm-none-eabi/9.3.1/../../../../arm-none-eabi/lib/thumb/v7e-m+fp/hard/crt0.o
LOAD Drivers/BSP/Components/hts221/hts221.o
LOAD Drivers/BSP/Components/hts221/hts221_reg.o
LOAD Drivers/BSP/Components/lps22hb/lps22hb.o
LOAD Drivers/BSP/Components/lps22hb/lps22hb_reg.o
LOAD Drivers/BSP/Components/lsm303agr/lsm303agr.o
LOAD Drivers/BSP/Components/lsm303agr/lsm303agr_reg.o
LOAD Drivers/BSP/Components/lsm6dsl/lsm6dsl.o
LOAD Drivers/BSP/Components/lsm6dsl/lsm6dsl_reg.o
LOAD Drivers/BSP/IKS01A2/iks01a2_env_sensors.o
LOAD Drivers/BSP/IKS01A2/iks01a2_env_sensors_ex.o
LOAD Drivers/BSP/IKS01A2/iks01a2_motion_sensors.o
LOAD Drivers/BSP/IKS01A2/iks01a2_motion_sensors_ex.o
LOAD Drivers/STM32F4xx_HAL_Driver/Src/stm32f4xx_hal.o
LOAD Drivers/STM32F4xx_HAL_Driver/Src/stm32f4xx_hal_adc.o
LOAD Drivers/STM32F4xx_HAL_Driver/Src/stm32f4xx_hal_adc_ex.o
LOAD Drivers/STM32F4xx_HAL_Driver/Src/stm32f4xx_hal_cortex.o
LOAD Drivers/STM32F4xx_HAL_Driver/Src/stm32f4xx_hal_dma.o
LOAD Drivers/STM32F4xx_HAL_Driver/Src/stm32f4xx_hal_dma_ex.o
LOAD Drivers/STM32F4xx_HAL_Driver/Src/stm32f4xx_hal_exti.o
LOAD Drivers/STM32F4xx_HAL_Driver/Src/stm32f4xx_hal_flash.o
LOAD Drivers/STM32F4xx_HAL_Driver/Src/stm32f4xx_hal_flash_ex.o
LOAD Drivers/STM32F4xx_HAL_Driver/Src/stm32f4xx_hal_flash_ramfunc.o
LOAD Drivers/STM32F4xx_HAL_Driver/Src/stm32f4xx_hal_gpio.o
LOAD Drivers/STM32F4xx_HAL_Driver/Src/stm32f4xx_hal_i2c.o
LOAD Drivers/STM32F4xx_HAL_Driver/Src/stm32f4xx_hal_i2c_ex.o
LOAD Drivers/STM32F4xx_HAL_Driver/Src/stm32f4xx_hal_pwr.o
LOAD Drivers/STM32F4xx_HAL_Driver/Src/stm32f4xx_hal_pwr_ex.o
LOAD Drivers/STM32F4xx_HAL_Driver/Src/stm32f4xx_hal_rcc.o
LOAD Drivers/STM32F4xx_HAL_Driver/Src/stm32f4xx_hal_rcc_ex.o
LOAD Drivers/STM32F4xx_HAL_Driver/Src/stm32f4xx_hal_tim.o
LOAD Drivers/STM32F4xx_HAL_Driver/Src/stm32f4xx_hal_tim_ex.o
LOAD Drivers/STM32F4xx_HAL_Driver/Src/stm32f4xx_hal_uart.o
LOAD Src/main.o
LOAD Src/stm32f4xx_hal_msp.o
LOAD Src/stm32f4xx_it.o
LOAD Src/stm32f4xx_nucleo_bus.o
LOAD Src/syscalls.o
LOAD Src/system_stm32f4xx.o
LOAD startup/startup_stm32f401xe.o
START GROUP
LOAD d:/st/stm32cubeide_1.5.0/stm32cubeide/plugins/com.st.stm32cube.ide.mcu.externaltools.gnu-tools-for-stm32.9-2020-q2-update.win32_1.5.0.202011040924/tools/bin/../lib/gcc/arm-none-eabi/9.3.1/../../../../arm-none-eabi/lib/thumb/v7e-m+fp/hard\libc_nano.a
LOAD d:/st/stm32cubeide_1.5.0/stm32cubeide/plugins/com.st.stm32cube.ide.mcu.externaltools.gnu-tools-for-stm32.9-2020-q2-update.win32_1.5.0.202011040924/tools/bin/../lib/gcc/arm-none-eabi/9.3.1/../../../../arm-none-eabi/lib/thumb/v7e-m+fp/hard\libm.a
END GROUP
START GROUP
LOAD d:/st/stm32cubeide_1.5.0/stm32cubeide/plugins/com.st.stm32cube.ide.mcu.externaltools.gnu-tools-for-stm32.9-2020-q2-update.win32_1.5.0.202011040924/tools/bin/../lib/gcc/arm-none-eabi/9.3.1/thumb/v7e-m+fp/hard\libgcc.a
LOAD d:/st/stm32cubeide_1.5.0/stm32cubeide/plugins/com.st.stm32cube.ide.mcu.externaltools.gnu-tools-for-stm32.9-2020-q2-update.win32_1.5.0.202011040924/tools/bin/../lib/gcc/arm-none-eabi/9.3.1/../../../../arm-none-eabi/lib/thumb/v7e-m+fp/hard\libc_nano.a
END GROUP
START GROUP
LOAD d:/st/stm32cubeide_1.5.0/stm32cubeide/plugins/com.st.stm32cube.ide.mcu.externaltools.gnu-tools-for-stm32.9-2020-q2-update.win32_1.5.0.202011040924/tools/bin/../lib/gcc/arm-none-eabi/9.3.1/thumb/v7e-m+fp/hard\libgcc.a
LOAD d:/st/stm32cubeide_1.5.0/stm32cubeide/plugins/com.st.stm32cube.ide.mcu.externaltools.gnu-tools-for-stm32.9-2020-q2-update.win32_1.5.0.202011040924/tools/bin/../lib/gcc/arm-none-eabi/9.3.1/../../../../arm-none-eabi/lib/thumb/v7e-m+fp/hard\libc_nano.a
LOAD d:/st/stm32cubeide_1.5.0/stm32cubeide/plugins/com.st.stm32cube.ide.mcu.externaltools.gnu-tools-for-stm32.9-2020-q2-update.win32_1.5.0.202011040924/tools/bin/../lib/gcc/arm-none-eabi/9.3.1/../../../../arm-none-eabi/lib/thumb/v7e-m+fp/hard\libnosys.a
END GROUP
START GROUP
LOAD d:/st/stm32cubeide_1.5.0/stm32cubeide/plugins/com.st.stm32cube.ide.mcu.externaltools.gnu-tools-for-stm32.9-2020-q2-update.win32_1.5.0.202011040924/tools/bin/../lib/gcc/arm-none-eabi/9.3.1/thumb/v7e-m+fp/hard\libgcc.a
LOAD d:/st/stm32cubeide_1.5.0/stm32cubeide/plugins/com.st.stm32cube.ide.mcu.externaltools.gnu-tools-for-stm32.9-2020-q2-update.win32_1.5.0.202011040924/tools/bin/../lib/gcc/arm-none-eabi/9.3.1/../../../../arm-none-eabi/lib/thumb/v7e-m+fp/hard\libc_nano.a
LOAD d:/st/stm32cubeide_1.5.0/stm32cubeide/plugins/com.st.stm32cube.ide.mcu.externaltools.gnu-tools-for-stm32.9-2020-q2-update.win32_1.5.0.202011040924/tools/bin/../lib/gcc/arm-none-eabi/9.3.1/../../../../arm-none-eabi/lib/thumb/v7e-m+fp/hard\libnosys.a
END GROUP
LOAD d:/st/stm32cubeide_1.5.0/stm32cubeide/plugins/com.st.stm32cube.ide.mcu.externaltools.gnu-tools-for-stm32.9-2020-q2-update.win32_1.5.0.202011040924/tools/bin/../lib/gcc/arm-none-eabi/9.3.1/thumb/v7e-m+fp/hard/crtend.o
LOAD d:/st/stm32cubeide_1.5.0/stm32cubeide/plugins/com.st.stm32cube.ide.mcu.externaltools.gnu-tools-for-stm32.9-2020-q2-update.win32_1.5.0.202011040924/tools/bin/../lib/gcc/arm-none-eabi/9.3.1/thumb/v7e-m+fp/hard/crtn.o
                0x0000000020018000                _estack = 0x20018000
                0x0000000000000200                _Min_Heap_Size = 0x200
                0x0000000000000400                _Min_Stack_Size = 0x400

.isr_vector     0x0000000008000000      0x194
                0x0000000008000000                . = ALIGN (0x4)
 *(.isr_vector)
 .isr_vector    0x0000000008000000      0x194 startup/startup_stm32f401xe.o
                0x0000000008000000                g_pfnVectors
                0x0000000008000194                . = ALIGN (0x4)

.text           0x00000000080001a0     0x995c
                0x00000000080001a0                . = ALIGN (0x4)
 *(.text)
 .text          0x00000000080001a0       0x40 d:/st/stm32cubeide_1.5.0/stm32cubeide/plugins/com.st.stm32cube.ide.mcu.externaltools.gnu-tools-for-stm32.9-2020-q2-update.win32_1.5.0.202011040924/tools/bin/../lib/gcc/arm-none-eabi/9.3.1/thumb/v7e-m+fp/hard/crtbegin.o
 .text          0x00000000080001e0       0x10 d:/st/stm32cubeide_1.5.0/stm32cubeide/plugins/com.st.stm32cube.ide.mcu.externaltools.gnu-tools-for-stm32.9-2020-q2-update.win32_1.5.0.202011040924/tools/bin/../lib/gcc/arm-none-eabi/9.3.1/../../../../arm-none-eabi/lib/thumb/v7e-m+fp/hard\libc_nano.a(lib_a-strlen.o)
                0x00000000080001e0                strlen
 .text          0x00000000080001f0       0xa0 d:/st/stm32cubeide_1.5.0/stm32cubeide/plugins/com.st.stm32cube.ide.mcu.externaltools.gnu-tools-for-stm32.9-2020-q2-update.win32_1.5.0.202011040924/tools/bin/../lib/gcc/arm-none-eabi/9.3.1/../../../../arm-none-eabi/lib/thumb/v7e-m+fp/hard\libc_nano.a(lib_a-memchr.o)
                0x00000000080001f0                memchr
 .text          0x0000000008000290      0x378 d:/st/stm32cubeide_1.5.0/stm32cubeide/plugins/com.st.stm32cube.ide.mcu.externaltools.gnu-tools-for-stm32.9-2020-q2-update.win32_1.5.0.202011040924/tools/bin/../lib/gcc/arm-none-eabi/9.3.1/thumb/v7e-m+fp/hard\libgcc.a(_arm_addsubdf3.o)
                0x0000000008000290                __aeabi_drsub
                0x0000000008000298                __aeabi_dsub
                0x0000000008000298                __subdf3
                0x000000000800029c                __aeabi_dadd
                0x000000000800029c                __adddf3
                0x0000000008000514                __floatunsidf
                0x0000000008000514                __aeabi_ui2d
                0x0000000008000534                __floatsidf
                0x0000000008000534                __aeabi_i2d
                0x0000000008000558                __aeabi_f2d
                0x0000000008000558                __extendsfdf2
                0x000000000800059c                __floatundidf
                0x000000000800059c                __aeabi_ul2d
                0x00000000080005ac                __floatdidf
                0x00000000080005ac                __aeabi_l2d
 .text          0x0000000008000608      0x424 d:/st/stm32cubeide_1.5.0/stm32cubeide/plugins/com.st.stm32cube.ide.mcu.externaltools.gnu-tools-for-stm32.9-2020-q2-update.win32_1.5.0.202011040924/tools/bin/../lib/gcc/arm-none-eabi/9.3.1/thumb/v7e-m+fp/hard\libgcc.a(_arm_muldivdf3.o)
                0x0000000008000608                __aeabi_dmul
                0x0000000008000608                __muldf3
                0x000000000800085c                __divdf3
                0x000000000800085c                __aeabi_ddiv
 .text          0x0000000008000a2c      0x110 d:/st/stm32cubeide_1.5.0/stm32cubeide/plugins/com.st.stm32cube.ide.mcu.externaltools.gnu-tools-for-stm32.9-2020-q2-update.win32_1.5.0.202011040924/tools/bin/../lib/gcc/arm-none-eabi/9.3.1/thumb/v7e-m+fp/hard\libgcc.a(_arm_cmpdf2.o)
                0x0000000008000a2c                __gtdf2
                0x0000000008000a2c                __gedf2
                0x0000000008000a34                __ltdf2
                0x0000000008000a34                __ledf2
                0x0000000008000a3c                __nedf2
                0x0000000008000a3c                __eqdf2
                0x0000000008000a3c                __cmpdf2
                0x0000000008000ab8                __aeabi_cdrcmple
                0x0000000008000ac8                __aeabi_cdcmpeq
                0x0000000008000ac8                __aeabi_cdcmple
                0x0000000008000ad8                __aeabi_dcmpeq
                0x0000000008000aec                __aeabi_dcmplt
                0x0000000008000b00                __aeabi_dcmple
                0x0000000008000b14                __aeabi_dcmpge
                0x0000000008000b28                __aeabi_dcmpgt
 .text          0x0000000008000b3c       0x2c d:/st/stm32cubeide_1.5.0/stm32cubeide/plugins/com.st.stm32cube.ide.mcu.externaltools.gnu-tools-for-stm32.9-2020-q2-update.win32_1.5.0.202011040924/tools/bin/../lib/gcc/arm-none-eabi/9.3.1/thumb/v7e-m+fp/hard\libgcc.a(_arm_unorddf2.o)
                0x0000000008000b3c                __unorddf2
                0x0000000008000b3c                __aeabi_dcmpun
 .text          0x0000000008000b68       0x50 d:/st/stm32cubeide_1.5.0/stm32cubeide/plugins/com.st.stm32cube.ide.mcu.externaltools.gnu-tools-for-stm32.9-2020-q2-update.win32_1.5.0.202011040924/tools/bin/../lib/gcc/arm-none-eabi/9.3.1/thumb/v7e-m+fp/hard\libgcc.a(_arm_fixdfsi.o)
                0x0000000008000b68                __aeabi_d2iz
                0x0000000008000b68                __fixdfsi
 .text          0x0000000008000bb8       0x30 d:/st/stm32cubeide_1.5.0/stm32cubeide/plugins/com.st.stm32cube.ide.mcu.externaltools.gnu-tools-for-stm32.9-2020-q2-update.win32_1.5.0.202011040924/tools/bin/../lib/gcc/arm-none-eabi/9.3.1/thumb/v7e-m+fp/hard\libgcc.a(_aeabi_uldivmod.o)
                0x0000000008000bb8                __aeabi_uldivmod
 .text          0x0000000008000be8      0x2c4 d:/st/stm32cubeide_1.5.0/stm32cubeide/plugins/com.st.stm32cube.ide.mcu.externaltools.gnu-tools-for-stm32.9-2020-q2-update.win32_1.5.0.202011040924/tools/bin/../lib/gcc/arm-none-eabi/9.3.1/thumb/v7e-m+fp/hard\libgcc.a(_udivmoddi4.o)
                0x0000000008000be8                __udivmoddi4
 .text          0x0000000008000eac        0x4 d:/st/stm32cubeide_1.5.0/stm32cubeide/plugins/com.st.stm32cube.ide.mcu.externaltools.gnu-tools-for-stm32.9-2020-q2-update.win32_1.5.0.202011040924/tools/bin/../lib/gcc/arm-none-eabi/9.3.1/thumb/v7e-m+fp/hard\libgcc.a(_dvmd_tls.o)
                0x0000000008000eac                __aeabi_idiv0
                0x0000000008000eac                __aeabi_ldiv0
 *(.text*)
 .text.HTS221_GetCapabilities
                0x0000000008000eb0       0x1c Drivers/BSP/Components/hts221/hts221.o
                0x0000000008000eb0                HTS221_GetCapabilities
 .text.Linear_Interpolation
                0x0000000008000ecc       0x32 Drivers/BSP/Components/hts221/hts221.o
 .text.ReadRegWrap
                0x0000000008000efe       0x1e Drivers/BSP/Components/hts221/hts221.o
 .text.WriteRegWrap
                0x0000000008000f1c       0x1e Drivers/BSP/Components/hts221/hts221.o
 .text.HTS221_HUM_Enable
                0x0000000008000f3a       0x32 Drivers/BSP/Components/hts221/hts221.o
                0x0000000008000f3a                HTS221_HUM_Enable
 .text.HTS221_HUM_Disable
                0x0000000008000f6c       0x2e Drivers/BSP/Components/hts221/hts221.o
                0x0000000008000f6c                HTS221_HUM_Disable
 .text.HTS221_TEMP_Enable
                0x0000000008000f9a       0x32 Drivers/BSP/Components/hts221/hts221.o
                0x0000000008000f9a                HTS221_TEMP_Enable
 .text.HTS221_TEMP_Disable
                0x0000000008000fcc       0x2e Drivers/BSP/Components/hts221/hts221.o
                0x0000000008000fcc                HTS221_TEMP_Disable
 .text.HTS221_DeInit
                0x0000000008000ffa       0x30 Drivers/BSP/Components/hts221/hts221.o
                0x0000000008000ffa                HTS221_DeInit
 .text.HTS221_SetOutputDataRate
                0x000000000800102a       0x38 Drivers/BSP/Components/hts221/hts221.o
 .text.HTS221_Initialize
                0x0000000008001062       0x3c Drivers/BSP/Components/hts221/hts221.o
 .text.HTS221_Init
                0x000000000800109e       0x22 Drivers/BSP/Components/hts221/hts221.o
                0x000000000800109e                HTS221_Init
 .text.HTS221_HUM_SetOutputDataRate
                0x00000000080010c0        0x8 Drivers/BSP/Components/hts221/hts221.o
                0x00000000080010c0                HTS221_HUM_SetOutputDataRate
 .text.HTS221_TEMP_SetOutputDataRate
                0x00000000080010c8        0x8 Drivers/BSP/Components/hts221/hts221.o
                0x00000000080010c8                HTS221_TEMP_SetOutputDataRate
 .text.HTS221_ReadID
                0x00000000080010d0       0x12 Drivers/BSP/Components/hts221/hts221.o
                0x00000000080010d0                HTS221_ReadID
 *fill*         0x00000000080010e2        0x2 
 .text.HTS221_GetOutputDataRate
                0x00000000080010e4       0x54 Drivers/BSP/Components/hts221/hts221.o
 .text.HTS221_HUM_GetOutputDataRate
                0x0000000008001138        0x8 Drivers/BSP/Components/hts221/hts221.o
                0x0000000008001138                HTS221_HUM_GetOutputDataRate
 .text.HTS221_TEMP_GetOutputDataRate
                0x0000000008001140        0x8 Drivers/BSP/Components/hts221/hts221.o
                0x0000000008001140                HTS221_TEMP_GetOutputDataRate
 .text.HTS221_HUM_GetHumidity
                0x0000000008001148       0xf0 Drivers/BSP/Components/hts221/hts221.o
                0x0000000008001148                HTS221_HUM_GetHumidity
 .text.HTS221_TEMP_GetTemperature
                0x0000000008001238       0xc0 Drivers/BSP/Components/hts221/hts221.o
                0x0000000008001238                HTS221_TEMP_GetTemperature
 .text.HTS221_RegisterBusIO
                0x00000000080012f8       0x48 Drivers/BSP/Components/hts221/hts221.o
                0x00000000080012f8                HTS221_RegisterBusIO
 .text.hts221_read_reg
                0x0000000008001340        0xa Drivers/BSP/Components/hts221/hts221_reg.o
                0x0000000008001340                hts221_read_reg
 .text.hts221_write_reg
                0x000000000800134a        0xa Drivers/BSP/Components/hts221/hts221_reg.o
                0x000000000800134a                hts221_write_reg
 .text.hts221_data_rate_set
                0x0000000008001354       0x32 Drivers/BSP/Components/hts221/hts221_reg.o
                0x0000000008001354                hts221_data_rate_set
 .text.hts221_data_rate_get
                0x0000000008001386       0x44 Drivers/BSP/Components/hts221/hts221_reg.o
                0x0000000008001386                hts221_data_rate_get
 .text.hts221_block_data_update_set
                0x00000000080013ca       0x32 Drivers/BSP/Components/hts221/hts221_reg.o
                0x00000000080013ca                hts221_block_data_update_set
 .text.hts221_humidity_raw_get
                0x00000000080013fc        0xe Drivers/BSP/Components/hts221/hts221_reg.o
                0x00000000080013fc                hts221_humidity_raw_get
 .text.hts221_temperature_raw_get
                0x000000000800140a        0xe Drivers/BSP/Components/hts221/hts221_reg.o
                0x000000000800140a                hts221_temperature_raw_get
 .text.hts221_device_id_get
                0x0000000008001418        0xe Drivers/BSP/Components/hts221/hts221_reg.o
                0x0000000008001418                hts221_device_id_get
 .text.hts221_power_on_set
                0x0000000008001426       0x32 Drivers/BSP/Components/hts221/hts221_reg.o
                0x0000000008001426                hts221_power_on_set
 .text.hts221_hum_rh_point_0_get
                0x0000000008001458       0x16 Drivers/BSP/Components/hts221/hts221_reg.o
                0x0000000008001458                hts221_hum_rh_point_0_get
 .text.hts221_hum_rh_point_1_get
                0x000000000800146e       0x16 Drivers/BSP/Components/hts221/hts221_reg.o
                0x000000000800146e                hts221_hum_rh_point_1_get
 .text.hts221_temp_deg_point_0_get
                0x0000000008001484       0x3c Drivers/BSP/Components/hts221/hts221_reg.o
                0x0000000008001484                hts221_temp_deg_point_0_get
 .text.hts221_temp_deg_point_1_get
                0x00000000080014c0       0x3e Drivers/BSP/Components/hts221/hts221_reg.o
                0x00000000080014c0                hts221_temp_deg_point_1_get
 .text.hts221_hum_adc_point_0_get
                0x00000000080014fe        0xe Drivers/BSP/Components/hts221/hts221_reg.o
                0x00000000080014fe                hts221_hum_adc_point_0_get
 .text.hts221_hum_adc_point_1_get
                0x000000000800150c        0xe Drivers/BSP/Components/hts221/hts221_reg.o
                0x000000000800150c                hts221_hum_adc_point_1_get
 .text.hts221_temp_adc_point_0_get
                0x000000000800151a        0xe Drivers/BSP/Components/hts221/hts221_reg.o
                0x000000000800151a                hts221_temp_adc_point_0_get
 .text.hts221_temp_adc_point_1_get
                0x0000000008001528        0xe Drivers/BSP/Components/hts221/hts221_reg.o
                0x0000000008001528                hts221_temp_adc_point_1_get
 *fill*         0x0000000008001536        0x2 
 .text.LPS22HB_GetCapabilities
                0x0000000008001538       0x1c Drivers/BSP/Components/lps22hb/lps22hb.o
                0x0000000008001538                LPS22HB_GetCapabilities
 .text.LPS22HB_SetOutputDataRate_When_Disabled
                0x0000000008001554       0x58 Drivers/BSP/Components/lps22hb/lps22hb.o
 .text.ReadRegWrap
                0x00000000080015ac       0x4a Drivers/BSP/Components/lps22hb/lps22hb.o
 .text.WriteRegWrap
                0x00000000080015f6       0x4a Drivers/BSP/Components/lps22hb/lps22hb.o
 .text.LPS22HB_PRESS_Enable
                0x0000000008001640       0x2a Drivers/BSP/Components/lps22hb/lps22hb.o
                0x0000000008001640                LPS22HB_PRESS_Enable
 .text.LPS22HB_TEMP_Enable
                0x000000000800166a       0x2a Drivers/BSP/Components/lps22hb/lps22hb.o
                0x000000000800166a                LPS22HB_TEMP_Enable
 .text.LPS22HB_Initialize
                0x0000000008001694       0x7a Drivers/BSP/Components/lps22hb/lps22hb.o
 .text.LPS22HB_Init
                0x000000000800170e       0x22 Drivers/BSP/Components/lps22hb/lps22hb.o
                0x000000000800170e                LPS22HB_Init
 .text.LPS22HB_ReadID
                0x0000000008001730       0x12 Drivers/BSP/Components/lps22hb/lps22hb.o
                0x0000000008001730                LPS22HB_ReadID
 .text.LPS22HB_PRESS_Disable
                0x0000000008001742       0x44 Drivers/BSP/Components/lps22hb/lps22hb.o
                0x0000000008001742                LPS22HB_PRESS_Disable
 *fill*         0x0000000008001786        0x2 
 .text.LPS22HB_GetOutputDataRate
                0x0000000008001788       0x68 Drivers/BSP/Components/lps22hb/lps22hb.o
 .text.LPS22HB_PRESS_GetOutputDataRate
                0x00000000080017f0        0x8 Drivers/BSP/Components/lps22hb/lps22hb.o
                0x00000000080017f0                LPS22HB_PRESS_GetOutputDataRate
 .text.LPS22HB_TEMP_GetOutputDataRate
                0x00000000080017f8        0x8 Drivers/BSP/Components/lps22hb/lps22hb.o
                0x00000000080017f8                LPS22HB_TEMP_GetOutputDataRate
 .text.LPS22HB_SetOutputDataRate_When_Enabled
                0x0000000008001800       0x78 Drivers/BSP/Components/lps22hb/lps22hb.o
 .text.LPS22HB_PRESS_SetOutputDataRate
                0x0000000008001878       0x16 Drivers/BSP/Components/lps22hb/lps22hb.o
                0x0000000008001878                LPS22HB_PRESS_SetOutputDataRate
 .text.LPS22HB_TEMP_SetOutputDataRate
                0x000000000800188e       0x16 Drivers/BSP/Components/lps22hb/lps22hb.o
                0x000000000800188e                LPS22HB_TEMP_SetOutputDataRate
 .text.LPS22HB_TEMP_Disable
                0x00000000080018a4       0x44 Drivers/BSP/Components/lps22hb/lps22hb.o
                0x00000000080018a4                LPS22HB_TEMP_Disable
 .text.LPS22HB_DeInit
                0x00000000080018e8       0x30 Drivers/BSP/Components/lps22hb/lps22hb.o
                0x00000000080018e8                LPS22HB_DeInit
 .text.LPS22HB_PRESS_GetPressure
                0x0000000008001918       0x2c Drivers/BSP/Components/lps22hb/lps22hb.o
                0x0000000008001918                LPS22HB_PRESS_GetPressure
 .text.LPS22HB_TEMP_GetTemperature
                0x0000000008001944       0x30 Drivers/BSP/Components/lps22hb/lps22hb.o
                0x0000000008001944                LPS22HB_TEMP_GetTemperature
 .text.LPS22HB_Write_Reg
                0x0000000008001974       0x22 Drivers/BSP/Components/lps22hb/lps22hb.o
                0x0000000008001974                LPS22HB_Write_Reg
 *fill*         0x0000000008001996        0x2 
 .text.LPS22HB_RegisterBusIO
                0x0000000008001998       0x74 Drivers/BSP/Components/lps22hb/lps22hb.o
                0x0000000008001998                LPS22HB_RegisterBusIO
 .text.lps22hb_read_reg
                0x0000000008001a0c        0xa Drivers/BSP/Components/lps22hb/lps22hb_reg.o
                0x0000000008001a0c                lps22hb_read_reg
 .text.lps22hb_write_reg
                0x0000000008001a16        0xa Drivers/BSP/Components/lps22hb/lps22hb_reg.o
                0x0000000008001a16                lps22hb_write_reg
 .text.lps22hb_from_lsb_to_hpa
                0x0000000008001a20       0x18 Drivers/BSP/Components/lps22hb/lps22hb_reg.o
                0x0000000008001a20                lps22hb_from_lsb_to_hpa
 .text.lps22hb_from_lsb_to_degc
                0x0000000008001a38       0x18 Drivers/BSP/Components/lps22hb/lps22hb_reg.o
                0x0000000008001a38                lps22hb_from_lsb_to_degc
 .text.lps22hb_block_data_update_set
                0x0000000008001a50       0x32 Drivers/BSP/Components/lps22hb/lps22hb_reg.o
                0x0000000008001a50                lps22hb_block_data_update_set
 .text.lps22hb_low_pass_filter_mode_set
                0x0000000008001a82       0x32 Drivers/BSP/Components/lps22hb/lps22hb_reg.o
                0x0000000008001a82                lps22hb_low_pass_filter_mode_set
 .text.lps22hb_data_rate_set
                0x0000000008001ab4       0x32 Drivers/BSP/Components/lps22hb/lps22hb_reg.o
                0x0000000008001ab4                lps22hb_data_rate_set
 .text.lps22hb_data_rate_get
                0x0000000008001ae6       0x52 Drivers/BSP/Components/lps22hb/lps22hb_reg.o
                0x0000000008001ae6                lps22hb_data_rate_get
 .text.lps22hb_pressure_raw_get
                0x0000000008001b38        0xe Drivers/BSP/Components/lps22hb/lps22hb_reg.o
                0x0000000008001b38                lps22hb_pressure_raw_get
 .text.lps22hb_temperature_raw_get
                0x0000000008001b46        0xe Drivers/BSP/Components/lps22hb/lps22hb_reg.o
                0x0000000008001b46                lps22hb_temperature_raw_get
 .text.lps22hb_device_id_get
                0x0000000008001b54        0xe Drivers/BSP/Components/lps22hb/lps22hb_reg.o
                0x0000000008001b54                lps22hb_device_id_get
 .text.lps22hb_low_power_set
                0x0000000008001b62       0x32 Drivers/BSP/Components/lps22hb/lps22hb_reg.o
                0x0000000008001b62                lps22hb_low_power_set
 .text.lps22hb_auto_add_inc_set
                0x0000000008001b94       0x32 Drivers/BSP/Components/lps22hb/lps22hb_reg.o
                0x0000000008001b94                lps22hb_auto_add_inc_set
 *fill*         0x0000000008001bc6        0x2 
 .text.LSM303AGR_ACC_GetCapabilities
                0x0000000008001bc8       0x24 Drivers/BSP/Components/lsm303agr/lsm303agr.o
                0x0000000008001bc8                LSM303AGR_ACC_GetCapabilities
 .text.LSM303AGR_MAG_GetCapabilities
                0x0000000008001bec       0x24 Drivers/BSP/Components/lsm303agr/lsm303agr.o
                0x0000000008001bec                LSM303AGR_MAG_GetCapabilities
 .text.LSM303AGR_MAG_GetSensitivity
                0x0000000008001c10        0xa Drivers/BSP/Components/lsm303agr/lsm303agr.o
                0x0000000008001c10                LSM303AGR_MAG_GetSensitivity
 .text.LSM303AGR_MAG_GetFullScale
                0x0000000008001c1a        0x8 Drivers/BSP/Components/lsm303agr/lsm303agr.o
                0x0000000008001c1a                LSM303AGR_MAG_GetFullScale
 .text.LSM303AGR_MAG_SetFullScale
                0x0000000008001c22        0x4 Drivers/BSP/Components/lsm303agr/lsm303agr.o
                0x0000000008001c22                LSM303AGR_MAG_SetFullScale
 *fill*         0x0000000008001c26        0x2 
 .text.LSM303AGR_ACC_SetOutputDataRate_When_Disabled
                0x0000000008001c28       0x84 Drivers/BSP/Components/lsm303agr/lsm303agr.o
 .text.ReadAccRegWrap
                0x0000000008001cac       0x1e Drivers/BSP/Components/lsm303agr/lsm303agr.o
 .text.WriteAccRegWrap
                0x0000000008001cca       0x1e Drivers/BSP/Components/lsm303agr/lsm303agr.o
 .text.ReadMagRegWrap
                0x0000000008001ce8       0x1e Drivers/BSP/Components/lsm303agr/lsm303agr.o
 .text.WriteMagRegWrap
                0x0000000008001d06       0x1e Drivers/BSP/Components/lsm303agr/lsm303agr.o
 .text.LSM303AGR_ACC_Enable
                0x0000000008001d24       0x2a Drivers/BSP/Components/lsm303agr/lsm303agr.o
                0x0000000008001d24                LSM303AGR_ACC_Enable
 *fill*         0x0000000008001d4e        0x2 
 .text.LSM303AGR_ACC_SetOutputDataRate_When_Enabled
                0x0000000008001d50       0x8c Drivers/BSP/Components/lsm303agr/lsm303agr.o
 .text.LSM303AGR_ACC_SetOutputDataRate
                0x0000000008001ddc       0x16 Drivers/BSP/Components/lsm303agr/lsm303agr.o
                0x0000000008001ddc                LSM303AGR_ACC_SetOutputDataRate
 .text.LSM303AGR_ACC_Init
                0x0000000008001df2       0x56 Drivers/BSP/Components/lsm303agr/lsm303agr.o
                0x0000000008001df2                LSM303AGR_ACC_Init
 .text.LSM303AGR_ACC_SetFullScale
                0x0000000008001e48       0x2c Drivers/BSP/Components/lsm303agr/lsm303agr.o
                0x0000000008001e48                LSM303AGR_ACC_SetFullScale
 .text.LSM303AGR_ACC_ReadID
                0x0000000008001e74       0x12 Drivers/BSP/Components/lsm303agr/lsm303agr.o
                0x0000000008001e74                LSM303AGR_ACC_ReadID
 .text.LSM303AGR_ACC_Disable
                0x0000000008001e86       0x3a Drivers/BSP/Components/lsm303agr/lsm303agr.o
                0x0000000008001e86                LSM303AGR_ACC_Disable
 .text.LSM303AGR_ACC_DeInit
                0x0000000008001ec0       0x1a Drivers/BSP/Components/lsm303agr/lsm303agr.o
                0x0000000008001ec0                LSM303AGR_ACC_DeInit
 *fill*         0x0000000008001eda        0x2 
 .text.LSM303AGR_ACC_GetOutputDataRate
                0x0000000008001edc      0x110 Drivers/BSP/Components/lsm303agr/lsm303agr.o
                0x0000000008001edc                LSM303AGR_ACC_GetOutputDataRate
 .text.LSM303AGR_ACC_GetSensitivityHR
                0x0000000008001fec       0x58 Drivers/BSP/Components/lsm303agr/lsm303agr.o
 .text.LSM303AGR_ACC_GetSensitivityNM
                0x0000000008002044       0x58 Drivers/BSP/Components/lsm303agr/lsm303agr.o
 .text.LSM303AGR_ACC_GetSensitivityLP
                0x000000000800209c       0x58 Drivers/BSP/Components/lsm303agr/lsm303agr.o
 .text.LSM303AGR_ACC_GetSensitivity
                0x00000000080020f4       0x66 Drivers/BSP/Components/lsm303agr/lsm303agr.o
                0x00000000080020f4                LSM303AGR_ACC_GetSensitivity
 .text.LSM303AGR_ACC_GetFullScale
                0x000000000800215a       0x48 Drivers/BSP/Components/lsm303agr/lsm303agr.o
                0x000000000800215a                LSM303AGR_ACC_GetFullScale
 .text.LSM303AGR_ACC_GetAxesRaw
                0x00000000080021a2       0x6e Drivers/BSP/Components/lsm303agr/lsm303agr.o
                0x00000000080021a2                LSM303AGR_ACC_GetAxesRaw
 .text.LSM303AGR_ACC_GetAxes
                0x0000000008002210       0x7a Drivers/BSP/Components/lsm303agr/lsm303agr.o
                0x0000000008002210                LSM303AGR_ACC_GetAxes
 .text.LSM303AGR_MAG_Enable
                0x000000000800228a       0x28 Drivers/BSP/Components/lsm303agr/lsm303agr.o
                0x000000000800228a                LSM303AGR_MAG_Enable
 .text.LSM303AGR_MAG_Disable
                0x00000000080022b2       0x24 Drivers/BSP/Components/lsm303agr/lsm303agr.o
                0x00000000080022b2                LSM303AGR_MAG_Disable
 .text.LSM303AGR_MAG_DeInit
                0x00000000080022d6       0x16 Drivers/BSP/Components/lsm303agr/lsm303agr.o
                0x00000000080022d6                LSM303AGR_MAG_DeInit
 .text.LSM303AGR_MAG_SetOutputDataRate
                0x00000000080022ec       0x50 Drivers/BSP/Components/lsm303agr/lsm303agr.o
                0x00000000080022ec                LSM303AGR_MAG_SetOutputDataRate
 .text.LSM303AGR_MAG_Init
                0x000000000800233c       0x50 Drivers/BSP/Components/lsm303agr/lsm303agr.o
                0x000000000800233c                LSM303AGR_MAG_Init
 .text.LSM303AGR_MAG_ReadID
                0x000000000800238c       0x12 Drivers/BSP/Components/lsm303agr/lsm303agr.o
                0x000000000800238c                LSM303AGR_MAG_ReadID
 *fill*         0x000000000800239e        0x2 
 .text.LSM303AGR_MAG_GetOutputDataRate
                0x00000000080023a0       0x58 Drivers/BSP/Components/lsm303agr/lsm303agr.o
                0x00000000080023a0                LSM303AGR_MAG_GetOutputDataRate
 .text.LSM303AGR_MAG_GetAxesRaw
                0x00000000080023f8       0x2c Drivers/BSP/Components/lsm303agr/lsm303agr.o
                0x00000000080023f8                LSM303AGR_MAG_GetAxesRaw
 .text.LSM303AGR_MAG_GetAxes
                0x0000000008002424       0x74 Drivers/BSP/Components/lsm303agr/lsm303agr.o
                0x0000000008002424                LSM303AGR_MAG_GetAxes
 .text.LSM303AGR_ACC_Write_Reg
                0x0000000008002498       0x22 Drivers/BSP/Components/lsm303agr/lsm303agr.o
                0x0000000008002498                LSM303AGR_ACC_Write_Reg
 *fill*         0x00000000080024ba        0x2 
 .text.LSM303AGR_ACC_RegisterBusIO
                0x00000000080024bc       0x74 Drivers/BSP/Components/lsm303agr/lsm303agr.o
                0x00000000080024bc                LSM303AGR_ACC_RegisterBusIO
 .text.LSM303AGR_MAG_RegisterBusIO
                0x0000000008002530       0x6c Drivers/BSP/Components/lsm303agr/lsm303agr.o
                0x0000000008002530                LSM303AGR_MAG_RegisterBusIO
 .text.lsm303agr_read_reg
                0x000000000800259c        0xa Drivers/BSP/Components/lsm303agr/lsm303agr_reg.o
                0x000000000800259c                lsm303agr_read_reg
 .text.lsm303agr_write_reg
                0x00000000080025a6        0xa Drivers/BSP/Components/lsm303agr/lsm303agr_reg.o
                0x00000000080025a6                lsm303agr_write_reg
 .text.lsm303agr_xl_operating_mode_get
                0x00000000080025b0       0x4a Drivers/BSP/Components/lsm303agr/lsm303agr_reg.o
                0x00000000080025b0                lsm303agr_xl_operating_mode_get
 .text.lsm303agr_xl_data_rate_set
                0x00000000080025fa       0x32 Drivers/BSP/Components/lsm303agr/lsm303agr_reg.o
                0x00000000080025fa                lsm303agr_xl_data_rate_set
 .text.lsm303agr_xl_data_rate_get
                0x000000000800262c       0x6c Drivers/BSP/Components/lsm303agr/lsm303agr_reg.o
                0x000000000800262c                lsm303agr_xl_data_rate_get
 .text.lsm303agr_xl_full_scale_set
                0x0000000008002698       0x32 Drivers/BSP/Components/lsm303agr/lsm303agr_reg.o
                0x0000000008002698                lsm303agr_xl_full_scale_set
 .text.lsm303agr_xl_full_scale_get
                0x00000000080026ca       0x44 Drivers/BSP/Components/lsm303agr/lsm303agr_reg.o
                0x00000000080026ca                lsm303agr_xl_full_scale_get
 .text.lsm303agr_xl_block_data_update_set
                0x000000000800270e       0x32 Drivers/BSP/Components/lsm303agr/lsm303agr_reg.o
                0x000000000800270e                lsm303agr_xl_block_data_update_set
 .text.lsm303agr_acceleration_raw_get
                0x0000000008002740        0xe Drivers/BSP/Components/lsm303agr/lsm303agr_reg.o
                0x0000000008002740                lsm303agr_acceleration_raw_get
 .text.lsm303agr_mag_operating_mode_set
                0x000000000800274e       0x32 Drivers/BSP/Components/lsm303agr/lsm303agr_reg.o
                0x000000000800274e                lsm303agr_mag_operating_mode_set
 .text.lsm303agr_mag_data_rate_set
                0x0000000008002780       0x32 Drivers/BSP/Components/lsm303agr/lsm303agr_reg.o
                0x0000000008002780                lsm303agr_mag_data_rate_set
 .text.lsm303agr_mag_data_rate_get
                0x00000000080027b2       0x44 Drivers/BSP/Components/lsm303agr/lsm303agr_reg.o
                0x00000000080027b2                lsm303agr_mag_data_rate_get
 .text.lsm303agr_mag_block_data_update_set
                0x00000000080027f6       0x32 Drivers/BSP/Components/lsm303agr/lsm303agr_reg.o
                0x00000000080027f6                lsm303agr_mag_block_data_update_set
 .text.lsm303agr_magnetic_raw_get
                0x0000000008002828        0xe Drivers/BSP/Components/lsm303agr/lsm303agr_reg.o
                0x0000000008002828                lsm303agr_magnetic_raw_get
 .text.lsm303agr_xl_device_id_get
                0x0000000008002836        0xe Drivers/BSP/Components/lsm303agr/lsm303agr_reg.o
                0x0000000008002836                lsm303agr_xl_device_id_get
 .text.lsm303agr_mag_device_id_get
                0x0000000008002844        0xe Drivers/BSP/Components/lsm303agr/lsm303agr_reg.o
                0x0000000008002844                lsm303agr_mag_device_id_get
 .text.lsm303agr_mag_self_test_set
                0x0000000008002852       0x32 Drivers/BSP/Components/lsm303agr/lsm303agr_reg.o
                0x0000000008002852                lsm303agr_mag_self_test_set
 .text.lsm303agr_xl_fifo_mode_set
                0x0000000008002884       0x32 Drivers/BSP/Components/lsm303agr/lsm303agr_reg.o
                0x0000000008002884                lsm303agr_xl_fifo_mode_set
 .text.lsm303agr_mag_i2c_interface_set
                0x00000000080028b6       0x32 Drivers/BSP/Components/lsm303agr/lsm303agr_reg.o
                0x00000000080028b6                lsm303agr_mag_i2c_interface_set
 .text.LSM6DSL_GetCapabilities
                0x00000000080028e8       0x28 Drivers/BSP/Components/lsm6dsl/lsm6dsl.o
                0x00000000080028e8                LSM6DSL_GetCapabilities
 .text.LSM6DSL_ACC_SetOutputDataRate_When_Disabled
                0x0000000008002910       0xc8 Drivers/BSP/Components/lsm6dsl/lsm6dsl.o
 .text.LSM6DSL_GYRO_SetOutputDataRate_When_Disabled
                0x00000000080029d8       0xc8 Drivers/BSP/Components/lsm6dsl/lsm6dsl.o
 .text.ReadRegWrap
                0x0000000008002aa0        0xa Drivers/BSP/Components/lsm6dsl/lsm6dsl.o
 .text.WriteRegWrap
                0x0000000008002aaa        0xa Drivers/BSP/Components/lsm6dsl/lsm6dsl.o
 .text.LSM6DSL_ACC_Enable
                0x0000000008002ab4       0x2a Drivers/BSP/Components/lsm6dsl/lsm6dsl.o
                0x0000000008002ab4                LSM6DSL_ACC_Enable
 *fill*         0x0000000008002ade        0x2 
 .text.LSM6DSL_ACC_SetOutputDataRate_When_Enabled
                0x0000000008002ae0       0xd4 Drivers/BSP/Components/lsm6dsl/lsm6dsl.o
 .text.LSM6DSL_ACC_SetOutputDataRate
                0x0000000008002bb4       0x16 Drivers/BSP/Components/lsm6dsl/lsm6dsl.o
                0x0000000008002bb4                LSM6DSL_ACC_SetOutputDataRate
 .text.LSM6DSL_ACC_SetFullScale
                0x0000000008002bca       0x2c Drivers/BSP/Components/lsm6dsl/lsm6dsl.o
                0x0000000008002bca                LSM6DSL_ACC_SetFullScale
 .text.LSM6DSL_GYRO_Enable
                0x0000000008002bf6       0x2a Drivers/BSP/Components/lsm6dsl/lsm6dsl.o
                0x0000000008002bf6                LSM6DSL_GYRO_Enable
 .text.LSM6DSL_GYRO_SetOutputDataRate_When_Enabled
                0x0000000008002c20       0xd4 Drivers/BSP/Components/lsm6dsl/lsm6dsl.o
 .text.LSM6DSL_GYRO_SetOutputDataRate
                0x0000000008002cf4       0x16 Drivers/BSP/Components/lsm6dsl/lsm6dsl.o
                0x0000000008002cf4                LSM6DSL_GYRO_SetOutputDataRate
 .text.LSM6DSL_Init
                0x0000000008002d0a       0x8c Drivers/BSP/Components/lsm6dsl/lsm6dsl.o
                0x0000000008002d0a                LSM6DSL_Init
 .text.LSM6DSL_GYRO_SetFullScale
                0x0000000008002d96       0x38 Drivers/BSP/Components/lsm6dsl/lsm6dsl.o
                0x0000000008002d96                LSM6DSL_GYRO_SetFullScale
 .text.LSM6DSL_ReadID
                0x0000000008002dce       0x12 Drivers/BSP/Components/lsm6dsl/lsm6dsl.o
                0x0000000008002dce                LSM6DSL_ReadID
 .text.LSM6DSL_ACC_Disable
                0x0000000008002de0       0x3a Drivers/BSP/Components/lsm6dsl/lsm6dsl.o
                0x0000000008002de0                LSM6DSL_ACC_Disable
 *fill*         0x0000000008002e1a        0x2 
 .text.LSM6DSL_ACC_GetOutputDataRate
                0x0000000008002e1c       0xb4 Drivers/BSP/Components/lsm6dsl/lsm6dsl.o
                0x0000000008002e1c                LSM6DSL_ACC_GetOutputDataRate
 .text.LSM6DSL_ACC_GetSensitivity
                0x0000000008002ed0       0x58 Drivers/BSP/Components/lsm6dsl/lsm6dsl.o
                0x0000000008002ed0                LSM6DSL_ACC_GetSensitivity
 .text.LSM6DSL_ACC_GetFullScale
                0x0000000008002f28       0x48 Drivers/BSP/Components/lsm6dsl/lsm6dsl.o
                0x0000000008002f28                LSM6DSL_ACC_GetFullScale
 .text.LSM6DSL_ACC_GetAxesRaw
                0x0000000008002f70       0x2c Drivers/BSP/Components/lsm6dsl/lsm6dsl.o
                0x0000000008002f70                LSM6DSL_ACC_GetAxesRaw
 .text.LSM6DSL_ACC_GetAxes
                0x0000000008002f9c       0x7c Drivers/BSP/Components/lsm6dsl/lsm6dsl.o
                0x0000000008002f9c                LSM6DSL_ACC_GetAxes
 .text.LSM6DSL_GYRO_Disable
                0x0000000008003018       0x3a Drivers/BSP/Components/lsm6dsl/lsm6dsl.o
                0x0000000008003018                LSM6DSL_GYRO_Disable
 .text.LSM6DSL_DeInit
                0x0000000008003052       0x2c Drivers/BSP/Components/lsm6dsl/lsm6dsl.o
                0x0000000008003052                LSM6DSL_DeInit
 *fill*         0x000000000800307e        0x2 
 .text.LSM6DSL_GYRO_GetOutputDataRate
                0x0000000008003080       0xa8 Drivers/BSP/Components/lsm6dsl/lsm6dsl.o
                0x0000000008003080                LSM6DSL_GYRO_GetOutputDataRate
 .text.LSM6DSL_GYRO_GetSensitivity
                0x0000000008003128       0x68 Drivers/BSP/Components/lsm6dsl/lsm6dsl.o
                0x0000000008003128                LSM6DSL_GYRO_GetSensitivity
 .text.LSM6DSL_GYRO_GetFullScale
                0x0000000008003190       0x58 Drivers/BSP/Components/lsm6dsl/lsm6dsl.o
                0x0000000008003190                LSM6DSL_GYRO_GetFullScale
 .text.LSM6DSL_GYRO_GetAxesRaw
                0x00000000080031e8       0x2c Drivers/BSP/Components/lsm6dsl/lsm6dsl.o
                0x00000000080031e8                LSM6DSL_GYRO_GetAxesRaw
 .text.LSM6DSL_GYRO_GetAxes
                0x0000000008003214       0x78 Drivers/BSP/Components/lsm6dsl/lsm6dsl.o
                0x0000000008003214                LSM6DSL_GYRO_GetAxes
 .text.LSM6DSL_Write_Reg
                0x000000000800328c       0x22 Drivers/BSP/Components/lsm6dsl/lsm6dsl.o
                0x000000000800328c                LSM6DSL_Write_Reg
 *fill*         0x00000000080032ae        0x2 
 .text.LSM6DSL_RegisterBusIO
                0x00000000080032b0       0x74 Drivers/BSP/Components/lsm6dsl/lsm6dsl.o
                0x00000000080032b0                LSM6DSL_RegisterBusIO
 .text.lsm6dsl_read_reg
                0x0000000008003324        0xa Drivers/BSP/Components/lsm6dsl/lsm6dsl_reg.o
                0x0000000008003324                lsm6dsl_read_reg
 .text.lsm6dsl_write_reg
                0x000000000800332e        0xa Drivers/BSP/Components/lsm6dsl/lsm6dsl_reg.o
                0x000000000800332e                lsm6dsl_write_reg
 .text.lsm6dsl_xl_full_scale_set
                0x0000000008003338       0x32 Drivers/BSP/Components/lsm6dsl/lsm6dsl_reg.o
                0x0000000008003338                lsm6dsl_xl_full_scale_set
 .text.lsm6dsl_xl_full_scale_get
                0x000000000800336a       0x44 Drivers/BSP/Components/lsm6dsl/lsm6dsl_reg.o
                0x000000000800336a                lsm6dsl_xl_full_scale_get
 .text.lsm6dsl_xl_data_rate_set
                0x00000000080033ae       0x32 Drivers/BSP/Components/lsm6dsl/lsm6dsl_reg.o
                0x00000000080033ae                lsm6dsl_xl_data_rate_set
 .text.lsm6dsl_xl_data_rate_get
                0x00000000080033e0       0x7a Drivers/BSP/Components/lsm6dsl/lsm6dsl_reg.o
                0x00000000080033e0                lsm6dsl_xl_data_rate_get
 .text.lsm6dsl_gy_full_scale_set
                0x000000000800345a       0x32 Drivers/BSP/Components/lsm6dsl/lsm6dsl_reg.o
                0x000000000800345a                lsm6dsl_gy_full_scale_set
 .text.lsm6dsl_gy_full_scale_get
                0x000000000800348c       0x4e Drivers/BSP/Components/lsm6dsl/lsm6dsl_reg.o
                0x000000000800348c                lsm6dsl_gy_full_scale_get
 .text.lsm6dsl_gy_data_rate_set
                0x00000000080034da       0x32 Drivers/BSP/Components/lsm6dsl/lsm6dsl_reg.o
                0x00000000080034da                lsm6dsl_gy_data_rate_set
 .text.lsm6dsl_gy_data_rate_get
                0x000000000800350c       0x74 Drivers/BSP/Components/lsm6dsl/lsm6dsl_reg.o
                0x000000000800350c                lsm6dsl_gy_data_rate_get
 .text.lsm6dsl_block_data_update_set
                0x0000000008003580       0x32 Drivers/BSP/Components/lsm6dsl/lsm6dsl_reg.o
                0x0000000008003580                lsm6dsl_block_data_update_set
 .text.lsm6dsl_angular_rate_raw_get
                0x00000000080035b2        0xe Drivers/BSP/Components/lsm6dsl/lsm6dsl_reg.o
                0x00000000080035b2                lsm6dsl_angular_rate_raw_get
 .text.lsm6dsl_acceleration_raw_get
                0x00000000080035c0        0xe Drivers/BSP/Components/lsm6dsl/lsm6dsl_reg.o
                0x00000000080035c0                lsm6dsl_acceleration_raw_get
 .text.lsm6dsl_device_id_get
                0x00000000080035ce        0xe Drivers/BSP/Components/lsm6dsl/lsm6dsl_reg.o
                0x00000000080035ce                lsm6dsl_device_id_get
 .text.lsm6dsl_auto_increment_set
                0x00000000080035dc       0x32 Drivers/BSP/Components/lsm6dsl/lsm6dsl_reg.o
                0x00000000080035dc                lsm6dsl_auto_increment_set
 .text.lsm6dsl_fifo_mode_set
                0x000000000800360e       0x32 Drivers/BSP/Components/lsm6dsl/lsm6dsl_reg.o
                0x000000000800360e                lsm6dsl_fifo_mode_set
 .text.HTS221_0_Probe
                0x0000000008003640      0x108 Drivers/BSP/IKS01A2/iks01a2_env_sensors.o
 .text.LPS22HB_0_Probe
                0x0000000008003748      0x110 Drivers/BSP/IKS01A2/iks01a2_env_sensors.o
 .text.IKS01A2_ENV_SENSOR_Init
                0x0000000008003858      0x120 Drivers/BSP/IKS01A2/iks01a2_env_sensors.o
                0x0000000008003858                IKS01A2_ENV_SENSOR_Init
 .text.IKS01A2_ENV_SENSOR_Enable
                0x0000000008003978       0x54 Drivers/BSP/IKS01A2/iks01a2_env_sensors.o
                0x0000000008003978                IKS01A2_ENV_SENSOR_Enable
 .text.IKS01A2_ENV_SENSOR_GetOutputDataRate
                0x00000000080039cc       0x58 Drivers/BSP/IKS01A2/iks01a2_env_sensors.o
                0x00000000080039cc                IKS01A2_ENV_SENSOR_GetOutputDataRate
 .text.IKS01A2_ENV_SENSOR_GetValue
                0x0000000008003a24       0x58 Drivers/BSP/IKS01A2/iks01a2_env_sensors.o
                0x0000000008003a24                IKS01A2_ENV_SENSOR_GetValue
 .text.LSM6DSL_0_Probe
                0x0000000008003a7c      0x108 Drivers/BSP/IKS01A2/iks01a2_motion_sensors.o
 .text.LSM303AGR_ACC_0_Probe
                0x0000000008003b84       0xf0 Drivers/BSP/IKS01A2/iks01a2_motion_sensors.o
 .text.LSM303AGR_MAG_0_Probe
                0x0000000008003c74       0xf0 Drivers/BSP/IKS01A2/iks01a2_motion_sensors.o
 .text.IKS01A2_MOTION_SENSOR_Init
                0x0000000008003d64      0x184 Drivers/BSP/IKS01A2/iks01a2_motion_sensors.o
                0x0000000008003d64                IKS01A2_MOTION_SENSOR_Init
 .text.IKS01A2_MOTION_SENSOR_Enable
                0x0000000008003ee8       0x54 Drivers/BSP/IKS01A2/iks01a2_motion_sensors.o
                0x0000000008003ee8                IKS01A2_MOTION_SENSOR_Enable
 .text.IKS01A2_MOTION_SENSOR_GetAxes
                0x0000000008003f3c       0x58 Drivers/BSP/IKS01A2/iks01a2_motion_sensors.o
                0x0000000008003f3c                IKS01A2_MOTION_SENSOR_GetAxes
 .text.IKS01A2_MOTION_SENSOR_GetSensitivity
                0x0000000008003f94       0x58 Drivers/BSP/IKS01A2/iks01a2_motion_sensors.o
                0x0000000008003f94                IKS01A2_MOTION_SENSOR_GetSensitivity
 .text.IKS01A2_MOTION_SENSOR_GetOutputDataRate
                0x0000000008003fec       0x58 Drivers/BSP/IKS01A2/iks01a2_motion_sensors.o
                0x0000000008003fec                IKS01A2_MOTION_SENSOR_GetOutputDataRate
 .text.IKS01A2_MOTION_SENSOR_GetFullScale
                0x0000000008004044       0x58 Drivers/BSP/IKS01A2/iks01a2_motion_sensors.o
                0x0000000008004044                IKS01A2_MOTION_SENSOR_GetFullScale
 .text.HAL_InitTick
                0x000000000800409c       0x48 Drivers/STM32F4xx_HAL_Driver/Src/stm32f4xx_hal.o
                0x000000000800409c                HAL_InitTick
 .text.HAL_Init
                0x00000000080040e4       0x34 Drivers/STM32F4xx_HAL_Driver/Src/stm32f4xx_hal.o
                0x00000000080040e4                HAL_Init
 .text.HAL_IncTick
                0x0000000008004118       0x18 Drivers/STM32F4xx_HAL_Driver/Src/stm32f4xx_hal.o
                0x0000000008004118                HAL_IncTick
 .text.HAL_GetTick
                0x0000000008004130        0xc Drivers/STM32F4xx_HAL_Driver/Src/stm32f4xx_hal.o
                0x0000000008004130                HAL_GetTick
 .text.ADC_Init
                0x000000000800413c      0x134 Drivers/STM32F4xx_HAL_Driver/Src/stm32f4xx_hal_adc.o
 .text.HAL_ADC_Init
                0x0000000008004270       0x56 Drivers/STM32F4xx_HAL_Driver/Src/stm32f4xx_hal_adc.o
                0x0000000008004270                HAL_ADC_Init
 *fill*         0x00000000080042c6        0x2 
 .text.HAL_ADC_ConfigChannel
                0x00000000080042c8      0x190 Drivers/STM32F4xx_HAL_Driver/Src/stm32f4xx_hal_adc.o
                0x00000000080042c8                HAL_ADC_ConfigChannel
 .text.HAL_NVIC_SetPriorityGrouping
                0x0000000008004458       0x24 Drivers/STM32F4xx_HAL_Driver/Src/stm32f4xx_hal_cortex.o
                0x0000000008004458                HAL_NVIC_SetPriorityGrouping
 .text.HAL_NVIC_SetPriority
                0x000000000800447c       0x68 Drivers/STM32F4xx_HAL_Driver/Src/stm32f4xx_hal_cortex.o
                0x000000000800447c                HAL_NVIC_SetPriority
 .text.HAL_NVIC_EnableIRQ
                0x00000000080044e4       0x1c Drivers/STM32F4xx_HAL_Driver/Src/stm32f4xx_hal_cortex.o
                0x00000000080044e4                HAL_NVIC_EnableIRQ
 .text.HAL_SYSTICK_Config
                0x0000000008004500       0x2c Drivers/STM32F4xx_HAL_Driver/Src/stm32f4xx_hal_cortex.o
                0x0000000008004500                HAL_SYSTICK_Config
 .text.HAL_DMA_Abort_IT
                0x000000000800452c       0x26 Drivers/STM32F4xx_HAL_Driver/Src/stm32f4xx_hal_dma.o
                0x000000000800452c                HAL_DMA_Abort_IT
 *fill*         0x0000000008004552        0x2 
 .text.HAL_GPIO_Init
                0x0000000008004554      0x1a8 Drivers/STM32F4xx_HAL_Driver/Src/stm32f4xx_hal_gpio.o
                0x0000000008004554                HAL_GPIO_Init
 .text.HAL_GPIO_DeInit
                0x00000000080046fc      0x110 Drivers/STM32F4xx_HAL_Driver/Src/stm32f4xx_hal_gpio.o
                0x00000000080046fc                HAL_GPIO_DeInit
 .text.HAL_GPIO_WritePin
                0x000000000800480c        0xc Drivers/STM32F4xx_HAL_Driver/Src/stm32f4xx_hal_gpio.o
                0x000000000800480c                HAL_GPIO_WritePin
 .text.HAL_GPIO_EXTI_IRQHandler
                0x0000000008004818       0x1c Drivers/STM32F4xx_HAL_Driver/Src/stm32f4xx_hal_gpio.o
                0x0000000008004818                HAL_GPIO_EXTI_IRQHandler
 .text.I2C_IsAcknowledgeFailed
                0x0000000008004834       0x32 Drivers/STM32F4xx_HAL_Driver/Src/stm32f4xx_hal_i2c.o
 .text.I2C_WaitOnFlagUntilTimeout
                0x0000000008004866       0x74 Drivers/STM32F4xx_HAL_Driver/Src/stm32f4xx_hal_i2c.o
 .text.I2C_WaitOnMasterAddressFlagUntilTimeout
                0x00000000080048da       0xaa Drivers/STM32F4xx_HAL_Driver/Src/stm32f4xx_hal_i2c.o
 .text.I2C_WaitOnTXEFlagUntilTimeout
                0x0000000008004984       0x54 Drivers/STM32F4xx_HAL_Driver/Src/stm32f4xx_hal_i2c.o
 .text.I2C_RequestMemoryWrite
                0x00000000080049d8       0xd8 Drivers/STM32F4xx_HAL_Driver/Src/stm32f4xx_hal_i2c.o
 .text.I2C_RequestMemoryRead
                0x0000000008004ab0      0x154 Drivers/STM32F4xx_HAL_Driver/Src/stm32f4xx_hal_i2c.o
 .text.I2C_WaitOnBTFFlagUntilTimeout
                0x0000000008004c04       0x54 Drivers/STM32F4xx_HAL_Driver/Src/stm32f4xx_hal_i2c.o
 .text.I2C_WaitOnRXNEFlagUntilTimeout
                0x0000000008004c58       0x6a Drivers/STM32F4xx_HAL_Driver/Src/stm32f4xx_hal_i2c.o
 .text.HAL_I2C_MspInit
                0x0000000008004cc2        0x2 Drivers/STM32F4xx_HAL_Driver/Src/stm32f4xx_hal_i2c.o
                0x0000000008004cc2                HAL_I2C_MspInit
 .text.HAL_I2C_Init
                0x0000000008004cc4      0x1bc Drivers/STM32F4xx_HAL_Driver/Src/stm32f4xx_hal_i2c.o
                0x0000000008004cc4                HAL_I2C_Init
 .text.HAL_I2C_MspDeInit
                0x0000000008004e80        0x2 Drivers/STM32F4xx_HAL_Driver/Src/stm32f4xx_hal_i2c.o
                0x0000000008004e80                HAL_I2C_MspDeInit
 .text.HAL_I2C_DeInit
                0x0000000008004e82       0x32 Drivers/STM32F4xx_HAL_Driver/Src/stm32f4xx_hal_i2c.o
                0x0000000008004e82                HAL_I2C_DeInit
 .text.HAL_I2C_Mem_Write
                0x0000000008004eb4      0x164 Drivers/STM32F4xx_HAL_Driver/Src/stm32f4xx_hal_i2c.o
                0x0000000008004eb4                HAL_I2C_Mem_Write
 .text.HAL_I2C_Mem_Read
                0x0000000008005018      0x2e4 Drivers/STM32F4xx_HAL_Driver/Src/stm32f4xx_hal_i2c.o
                0x0000000008005018                HAL_I2C_Mem_Read
 .text.HAL_I2C_GetState
                0x00000000080052fc        0x6 Drivers/STM32F4xx_HAL_Driver/Src/stm32f4xx_hal_i2c.o
                0x00000000080052fc                HAL_I2C_GetState
 .text.HAL_I2C_GetError
                0x0000000008005302        0x4 Drivers/STM32F4xx_HAL_Driver/Src/stm32f4xx_hal_i2c.o
                0x0000000008005302                HAL_I2C_GetError
 *fill*         0x0000000008005306        0x2 
 .text.HAL_RCC_OscConfig
                0x0000000008005308      0x3ec Drivers/STM32F4xx_HAL_Driver/Src/stm32f4xx_hal_rcc.o
                0x0000000008005308                HAL_RCC_OscConfig
 .text.HAL_RCC_GetSysClockFreq
                0x00000000080056f4       0xcc Drivers/STM32F4xx_HAL_Driver/Src/stm32f4xx_hal_rcc.o
                0x00000000080056f4                HAL_RCC_GetSysClockFreq
 .text.HAL_RCC_ClockConfig
                0x00000000080057c0      0x160 Drivers/STM32F4xx_HAL_Driver/Src/stm32f4xx_hal_rcc.o
                0x00000000080057c0                HAL_RCC_ClockConfig
 .text.HAL_RCC_GetHCLKFreq
                0x0000000008005920        0xc Drivers/STM32F4xx_HAL_Driver/Src/stm32f4xx_hal_rcc.o
                0x0000000008005920                HAL_RCC_GetHCLKFreq
 .text.HAL_RCC_GetPCLK1Freq
                0x000000000800592c       0x20 Drivers/STM32F4xx_HAL_Driver/Src/stm32f4xx_hal_rcc.o
                0x000000000800592c                HAL_RCC_GetPCLK1Freq
 .text.HAL_RCC_GetPCLK2Freq
                0x000000000800594c       0x20 Drivers/STM32F4xx_HAL_Driver/Src/stm32f4xx_hal_rcc.o
                0x000000000800594c                HAL_RCC_GetPCLK2Freq
 .text.HAL_TIM_Base_Start_IT
                0x000000000800596c       0x22 Drivers/STM32F4xx_HAL_Driver/Src/stm32f4xx_hal_tim.o
                0x000000000800596c                HAL_TIM_Base_Start_IT
 .text.HAL_TIM_OC_DelayElapsedCallback
                0x000000000800598e        0x2 Drivers/STM32F4xx_HAL_Driver/Src/stm32f4xx_hal_tim.o
                0x000000000800598e                HAL_TIM_OC_DelayElapsedCallback
 .text.HAL_TIM_IC_CaptureCallback
                0x0000000008005990        0x2 Drivers/STM32F4xx_HAL_Driver/Src/stm32f4xx_hal_tim.o
                0x0000000008005990                HAL_TIM_IC_CaptureCallback
 .text.HAL_TIM_PWM_PulseFinishedCallback
                0x0000000008005992        0x2 Drivers/STM32F4xx_HAL_Driver/Src/stm32f4xx_hal_tim.o
                0x0000000008005992                HAL_TIM_PWM_PulseFinishedCallback
 .text.HAL_TIM_TriggerCallback
                0x0000000008005994        0x2 Drivers/STM32F4xx_HAL_Driver/Src/stm32f4xx_hal_tim.o
                0x0000000008005994                HAL_TIM_TriggerCallback
 .text.HAL_TIM_IRQHandler
                0x0000000008005996      0x17a Drivers/STM32F4xx_HAL_Driver/Src/stm32f4xx_hal_tim.o
                0x0000000008005996                HAL_TIM_IRQHandler
 .text.TIM_Base_SetConfig
                0x0000000008005b10       0x9c Drivers/STM32F4xx_HAL_Driver/Src/stm32f4xx_hal_tim.o
                0x0000000008005b10                TIM_Base_SetConfig
 .text.HAL_TIM_Base_Init
                0x0000000008005bac       0x34 Drivers/STM32F4xx_HAL_Driver/Src/stm32f4xx_hal_tim.o
                0x0000000008005bac                HAL_TIM_Base_Init
 .text.HAL_TIMEx_CommutCallback
                0x0000000008005be0        0x2 Drivers/STM32F4xx_HAL_Driver/Src/stm32f4xx_hal_tim_ex.o
                0x0000000008005be0                HAL_TIMEx_CommutCallback
 .text.HAL_TIMEx_BreakCallback
                0x0000000008005be2        0x2 Drivers/STM32F4xx_HAL_Driver/Src/stm32f4xx_hal_tim_ex.o
                0x0000000008005be2                HAL_TIMEx_BreakCallback
 .text.UART_EndRxTransfer
                0x0000000008005be4       0x1c Drivers/STM32F4xx_HAL_Driver/Src/stm32f4xx_hal_uart.o
 .text.UART_Transmit_IT
                0x0000000008005c00       0x66 Drivers/STM32F4xx_HAL_Driver/Src/stm32f4xx_hal_uart.o
 *fill*         0x0000000008005c66        0x2 
 .text.UART_SetConfig
                0x0000000008005c68      0x1e8 Drivers/STM32F4xx_HAL_Driver/Src/stm32f4xx_hal_uart.o
 .text.UART_WaitOnFlagUntilTimeout
                0x0000000008005e50       0x68 Drivers/STM32F4xx_HAL_Driver/Src/stm32f4xx_hal_uart.o
 .text.HAL_UART_Init
                0x0000000008005eb8       0x5e Drivers/STM32F4xx_HAL_Driver/Src/stm32f4xx_hal_uart.o
                0x0000000008005eb8                HAL_UART_Init
 .text.HAL_UART_Transmit
                0x0000000008005f16       0xe2 Drivers/STM32F4xx_HAL_Driver/Src/stm32f4xx_hal_uart.o
                0x0000000008005f16                HAL_UART_Transmit
 .text.HAL_UART_Receive
                0x0000000008005ff8       0xea Drivers/STM32F4xx_HAL_Driver/Src/stm32f4xx_hal_uart.o
                0x0000000008005ff8                HAL_UART_Receive
 .text.HAL_UART_TxCpltCallback
                0x00000000080060e2        0x2 Drivers/STM32F4xx_HAL_Driver/Src/stm32f4xx_hal_uart.o
                0x00000000080060e2                HAL_UART_TxCpltCallback
 .text.UART_EndTransmit_IT
                0x00000000080060e4       0x1a Drivers/STM32F4xx_HAL_Driver/Src/stm32f4xx_hal_uart.o
 .text.HAL_UART_RxCpltCallback
                0x00000000080060fe        0x2 Drivers/STM32F4xx_HAL_Driver/Src/stm32f4xx_hal_uart.o
                0x00000000080060fe                HAL_UART_RxCpltCallback
 .text.UART_Receive_IT
                0x0000000008006100       0x9e Drivers/STM32F4xx_HAL_Driver/Src/stm32f4xx_hal_uart.o
 .text.HAL_UART_ErrorCallback
                0x000000000800619e        0x2 Drivers/STM32F4xx_HAL_Driver/Src/stm32f4xx_hal_uart.o
                0x000000000800619e                HAL_UART_ErrorCallback
 .text.HAL_UART_IRQHandler
                0x00000000080061a0      0x128 Drivers/STM32F4xx_HAL_Driver/Src/stm32f4xx_hal_uart.o
                0x00000000080061a0                HAL_UART_IRQHandler
 .text.UART_DMAAbortOnError
                0x00000000080062c8       0x10 Drivers/STM32F4xx_HAL_Driver/Src/stm32f4xx_hal_uart.o
 .text.HAL_UART_GetState
                0x00000000080062d8        0xc Drivers/STM32F4xx_HAL_Driver/Src/stm32f4xx_hal_uart.o
                0x00000000080062d8                HAL_UART_GetState
 .text.MX_GPIO_Init
                0x00000000080062e4      0x120 Src/main.o
 .text.Error_Handler
                0x0000000008006404       0x14 Src/main.o
                0x0000000008006404                Error_Handler
 .text.MX_USART2_UART_Init
                0x0000000008006418       0x34 Src/main.o
 .text.MX_TIM10_Init
                0x000000000800644c       0x30 Src/main.o
 .text.MX_ADC1_Init
                0x000000000800647c       0x70 Src/main.o
 .text.SystemClock_Config
                0x00000000080064ec       0xa8 Src/main.o
                0x00000000080064ec                SystemClock_Config
 .text.main     0x0000000008006594      0x1b4 Src/main.o
                0x0000000008006594                main
 .text.HAL_GPIO_EXTI_Callback
                0x0000000008006748       0x94 Src/main.o
                0x0000000008006748                HAL_GPIO_EXTI_Callback
 .text.HAL_TIM_PeriodElapsedCallback
                0x00000000080067dc       0xe0 Src/main.o
                0x00000000080067dc                HAL_TIM_PeriodElapsedCallback
 .text.HAL_MspInit
                0x00000000080068bc       0x40 Src/stm32f4xx_hal_msp.o
                0x00000000080068bc                HAL_MspInit
 .text.HAL_ADC_MspInit
                0x00000000080068fc       0x30 Src/stm32f4xx_hal_msp.o
                0x00000000080068fc                HAL_ADC_MspInit
 .text.HAL_TIM_Base_MspInit
                0x000000000800692c       0x40 Src/stm32f4xx_hal_msp.o
                0x000000000800692c                HAL_TIM_Base_MspInit
 .text.HAL_UART_MspInit
                0x000000000800696c       0x7c Src/stm32f4xx_hal_msp.o
                0x000000000800696c                HAL_UART_MspInit
 .text.NMI_Handler
                0x00000000080069e8        0x2 Src/stm32f4xx_it.o
                0x00000000080069e8                NMI_Handler
 .text.MemManage_Handler
                0x00000000080069ea        0x2 Src/stm32f4xx_it.o
                0x00000000080069ea                MemManage_Handler
 .text.BusFault_Handler
                0x00000000080069ec        0x2 Src/stm32f4xx_it.o
                0x00000000080069ec                BusFault_Handler
 .text.UsageFault_Handler
                0x00000000080069ee        0x2 Src/stm32f4xx_it.o
                0x00000000080069ee                UsageFault_Handler
 .text.SVC_Handler
                0x00000000080069f0        0x2 Src/stm32f4xx_it.o
                0x00000000080069f0                SVC_Handler
 .text.DebugMon_Handler
                0x00000000080069f2        0x2 Src/stm32f4xx_it.o
                0x00000000080069f2                DebugMon_Handler
 .text.PendSV_Handler
                0x00000000080069f4        0x2 Src/stm32f4xx_it.o
                0x00000000080069f4                PendSV_Handler
 .text.SysTick_Handler
                0x00000000080069f6        0x8 Src/stm32f4xx_it.o
                0x00000000080069f6                SysTick_Handler
 *fill*         0x00000000080069fe        0x2 
 .text.TIM1_UP_TIM10_IRQHandler
                0x0000000008006a00       0x10 Src/stm32f4xx_it.o
                0x0000000008006a00                TIM1_UP_TIM10_IRQHandler
 .text.USART2_IRQHandler
                0x0000000008006a10       0x10 Src/stm32f4xx_it.o
                0x0000000008006a10                USART2_IRQHandler
 .text.EXTI15_10_IRQHandler
                0x0000000008006a20        0xc Src/stm32f4xx_it.o
                0x0000000008006a20                EXTI15_10_IRQHandler
 .text.I2C1_MspInit
                0x0000000008006a2c       0x88 Src/stm32f4xx_nucleo_bus.o
 .text.I2C1_MspDeInit
                0x0000000008006ab4       0x2c Src/stm32f4xx_nucleo_bus.o
 .text.BSP_I2C1_DeInit
                0x0000000008006ae0       0x38 Src/stm32f4xx_nucleo_bus.o
                0x0000000008006ae0                BSP_I2C1_DeInit
 .text.BSP_I2C1_WriteReg
                0x0000000008006b18       0x3c Src/stm32f4xx_nucleo_bus.o
                0x0000000008006b18                BSP_I2C1_WriteReg
 .text.BSP_I2C1_ReadReg
                0x0000000008006b54       0x3c Src/stm32f4xx_nucleo_bus.o
                0x0000000008006b54                BSP_I2C1_ReadReg
 .text.BSP_GetTick
                0x0000000008006b90        0x8 Src/stm32f4xx_nucleo_bus.o
                0x0000000008006b90                BSP_GetTick
 .text.MX_I2C1_Init
                0x0000000008006b98       0x30 Src/stm32f4xx_nucleo_bus.o
                0x0000000008006b98                MX_I2C1_Init
 .text.BSP_I2C1_Init
                0x0000000008006bc8       0x48 Src/stm32f4xx_nucleo_bus.o
                0x0000000008006bc8                BSP_I2C1_Init
 .text._getpid  0x0000000008006c10        0x4 Src/syscalls.o
                0x0000000008006c10                _getpid
 .text._kill    0x0000000008006c14       0x10 Src/syscalls.o
                0x0000000008006c14                _kill
 .text._exit    0x0000000008006c24        0xc Src/syscalls.o
                0x0000000008006c24                _exit
 .text._read    0x0000000008006c30       0x20 Src/syscalls.o
                0x0000000008006c30                _read
 .text._write   0x0000000008006c50       0x1c Src/syscalls.o
                0x0000000008006c50                _write
 .text._sbrk    0x0000000008006c6c       0x3c Src/syscalls.o
                0x0000000008006c6c                _sbrk
 .text._close   0x0000000008006ca8        0x6 Src/syscalls.o
                0x0000000008006ca8                _close
 .text._fstat   0x0000000008006cae        0xa Src/syscalls.o
                0x0000000008006cae                _fstat
 .text._isatty  0x0000000008006cb8        0x4 Src/syscalls.o
                0x0000000008006cb8                _isatty
 .text._lseek   0x0000000008006cbc        0x4 Src/syscalls.o
                0x0000000008006cbc                _lseek
 .text.SystemInit
                0x0000000008006cc0       0x1c Src/system_stm32f4xx.o
                0x0000000008006cc0                SystemInit
 .text.Reset_Handler
                0x0000000008006cdc       0x50 startup/startup_stm32f401xe.o
                0x0000000008006cdc                Reset_Handler
 .text.Default_Handler
                0x0000000008006d2c        0x2 startup/startup_stm32f401xe.o
                0x0000000008006d2c                RTC_Alarm_IRQHandler
                0x0000000008006d2c                EXTI2_IRQHandler
                0x0000000008006d2c                SPI4_IRQHandler
                0x0000000008006d2c                TIM1_CC_IRQHandler
                0x0000000008006d2c                DMA2_Stream5_IRQHandler
                0x0000000008006d2c                HardFault_Handler
                0x0000000008006d2c                DMA1_Stream5_IRQHandler
                0x0000000008006d2c                PVD_IRQHandler
                0x0000000008006d2c                SDIO_IRQHandler
                0x0000000008006d2c                TAMP_STAMP_IRQHandler
                0x0000000008006d2c                EXTI3_IRQHandler
                0x0000000008006d2c                I2C3_ER_IRQHandler
                0x0000000008006d2c                EXTI0_IRQHandler
                0x0000000008006d2c                I2C2_EV_IRQHandler
                0x0000000008006d2c                DMA1_Stream2_IRQHandler
                0x0000000008006d2c                FPU_IRQHandler
                0x0000000008006d2c                DMA2_Stream2_IRQHandler
                0x0000000008006d2c                SPI1_IRQHandler
                0x0000000008006d2c                TIM1_BRK_TIM9_IRQHandler
                0x0000000008006d2c                DMA2_Stream3_IRQHandler
                0x0000000008006d2c                USART6_IRQHandler
                0x0000000008006d2c                DMA2_Stream0_IRQHandler
                0x0000000008006d2c                TIM4_IRQHandler
                0x0000000008006d2c                I2C1_EV_IRQHandler
                0x0000000008006d2c                DMA1_Stream6_IRQHandler
                0x0000000008006d2c                DMA1_Stream1_IRQHandler
                0x0000000008006d2c                TIM3_IRQHandler
                0x0000000008006d2c                RCC_IRQHandler
                0x0000000008006d2c                Default_Handler
                0x0000000008006d2c                ADC_IRQHandler
                0x0000000008006d2c                DMA1_Stream7_IRQHandler
                0x0000000008006d2c                TIM5_IRQHandler
                0x0000000008006d2c                DMA2_Stream7_IRQHandler
                0x0000000008006d2c                I2C3_EV_IRQHandler
                0x0000000008006d2c                EXTI9_5_IRQHandler
                0x0000000008006d2c                RTC_WKUP_IRQHandler
                0x0000000008006d2c                SPI2_IRQHandler
                0x0000000008006d2c                DMA1_Stream0_IRQHandler
                0x0000000008006d2c                EXTI4_IRQHandler
                0x0000000008006d2c                WWDG_IRQHandler
                0x0000000008006d2c                TIM2_IRQHandler
                0x0000000008006d2c                OTG_FS_WKUP_IRQHandler
                0x0000000008006d2c                TIM1_TRG_COM_TIM11_IRQHandler
                0x0000000008006d2c                EXTI1_IRQHandler
                0x0000000008006d2c                I2C2_ER_IRQHandler
                0x0000000008006d2c                DMA2_Stream1_IRQHandler
                0x0000000008006d2c                FLASH_IRQHandler
                0x0000000008006d2c                DMA2_Stream4_IRQHandler
                0x0000000008006d2c                USART1_IRQHandler
                0x0000000008006d2c                OTG_FS_IRQHandler
                0x0000000008006d2c                SPI3_IRQHandler
                0x0000000008006d2c                DMA1_Stream4_IRQHandler
                0x0000000008006d2c                I2C1_ER_IRQHandler
                0x0000000008006d2c                DMA2_Stream6_IRQHandler
                0x0000000008006d2c                DMA1_Stream3_IRQHandler
 *fill*         0x0000000008006d2e        0x2 
 .text.__errno  0x0000000008006d30        0xc d:/st/stm32cubeide_1.5.0/stm32cubeide/plugins/com.st.stm32cube.ide.mcu.externaltools.gnu-tools-for-stm32.9-2020-q2-update.win32_1.5.0.202011040924/tools/bin/../lib/gcc/arm-none-eabi/9.3.1/../../../../arm-none-eabi/lib/thumb/v7e-m+fp/hard\libc_nano.a(lib_a-errno.o)
                0x0000000008006d30                __errno
 .text.__libc_init_array
                0x0000000008006d3c       0x48 d:/st/stm32cubeide_1.5.0/stm32cubeide/plugins/com.st.stm32cube.ide.mcu.externaltools.gnu-tools-for-stm32.9-2020-q2-update.win32_1.5.0.202011040924/tools/bin/../lib/gcc/arm-none-eabi/9.3.1/../../../../arm-none-eabi/lib/thumb/v7e-m+fp/hard\libc_nano.a(lib_a-init.o)
                0x0000000008006d3c                __libc_init_array
 .text.memset   0x0000000008006d84       0x10 d:/st/stm32cubeide_1.5.0/stm32cubeide/plugins/com.st.stm32cube.ide.mcu.externaltools.gnu-tools-for-stm32.9-2020-q2-update.win32_1.5.0.202011040924/tools/bin/../lib/gcc/arm-none-eabi/9.3.1/../../../../arm-none-eabi/lib/thumb/v7e-m+fp/hard\libc_nano.a(lib_a-memset.o)
                0x0000000008006d84                memset
 .text.__cvt    0x0000000008006d94       0xc4 d:/st/stm32cubeide_1.5.0/stm32cubeide/plugins/com.st.stm32cube.ide.mcu.externaltools.gnu-tools-for-stm32.9-2020-q2-update.win32_1.5.0.202011040924/tools/bin/../lib/gcc/arm-none-eabi/9.3.1/../../../../arm-none-eabi/lib/thumb/v7e-m+fp/hard\libc_nano.a(lib_a-nano-vfprintf_float.o)
                0x0000000008006d94                __cvt
 .text.__exponent
                0x0000000008006e58       0x7c d:/st/stm32cubeide_1.5.0/stm32cubeide/plugins/com.st.stm32cube.ide.mcu.externaltools.gnu-tools-for-stm32.9-2020-q2-update.win32_1.5.0.202011040924/tools/bin/../lib/gcc/arm-none-eabi/9.3.1/../../../../arm-none-eabi/lib/thumb/v7e-m+fp/hard\libc_nano.a(lib_a-nano-vfprintf_float.o)
                0x0000000008006e58                __exponent
 .text._printf_float
                0x0000000008006ed4      0x46c d:/st/stm32cubeide_1.5.0/stm32cubeide/plugins/com.st.stm32cube.ide.mcu.externaltools.gnu-tools-for-stm32.9-2020-q2-update.win32_1.5.0.202011040924/tools/bin/../lib/gcc/arm-none-eabi/9.3.1/../../../../arm-none-eabi/lib/thumb/v7e-m+fp/hard\libc_nano.a(lib_a-nano-vfprintf_float.o)
                0x0000000008006ed4                _printf_float
 .text._printf_common
                0x0000000008007340       0xda d:/st/stm32cubeide_1.5.0/stm32cubeide/plugins/com.st.stm32cube.ide.mcu.externaltools.gnu-tools-for-stm32.9-2020-q2-update.win32_1.5.0.202011040924/tools/bin/../lib/gcc/arm-none-eabi/9.3.1/../../../../arm-none-eabi/lib/thumb/v7e-m+fp/hard\libc_nano.a(lib_a-nano-vfprintf_i.o)
                0x0000000008007340                _printf_common
 *fill*         0x000000000800741a        0x2 
 .text._printf_i
                0x000000000800741c      0x24c d:/st/stm32cubeide_1.5.0/stm32cubeide/plugins/com.st.stm32cube.ide.mcu.externaltools.gnu-tools-for-stm32.9-2020-q2-update.win32_1.5.0.202011040924/tools/bin/../lib/gcc/arm-none-eabi/9.3.1/../../../../arm-none-eabi/lib/thumb/v7e-m+fp/hard\libc_nano.a(lib_a-nano-vfprintf_i.o)
                0x000000000800741c                _printf_i
 .text.snprintf
                0x0000000008007668       0x68 d:/st/stm32cubeide_1.5.0/stm32cubeide/plugins/com.st.stm32cube.ide.mcu.externaltools.gnu-tools-for-stm32.9-2020-q2-update.win32_1.5.0.202011040924/tools/bin/../lib/gcc/arm-none-eabi/9.3.1/../../../../arm-none-eabi/lib/thumb/v7e-m+fp/hard\libc_nano.a(lib_a-snprintf.o)
                0x0000000008007668                sniprintf
                0x0000000008007668                snprintf
 .text.quorem   0x00000000080076d0      0x116 d:/st/stm32cubeide_1.5.0/stm32cubeide/plugins/com.st.stm32cube.ide.mcu.externaltools.gnu-tools-for-stm32.9-2020-q2-update.win32_1.5.0.202011040924/tools/bin/../lib/gcc/arm-none-eabi/9.3.1/../../../../arm-none-eabi/lib/thumb/v7e-m+fp/hard\libc_nano.a(lib_a-dtoa.o)
 *fill*         0x00000000080077e6        0x2 
 .text._dtoa_r  0x00000000080077e8      0xbd8 d:/st/stm32cubeide_1.5.0/stm32cubeide/plugins/com.st.stm32cube.ide.mcu.externaltools.gnu-tools-for-stm32.9-2020-q2-update.win32_1.5.0.202011040924/tools/bin/../lib/gcc/arm-none-eabi/9.3.1/../../../../arm-none-eabi/lib/thumb/v7e-m+fp/hard\libc_nano.a(lib_a-dtoa.o)
                0x00000000080077e8                _dtoa_r
 .text._localeconv_r
                0x00000000080083c0        0x8 d:/st/stm32cubeide_1.5.0/stm32cubeide/plugins/com.st.stm32cube.ide.mcu.externaltools.gnu-tools-for-stm32.9-2020-q2-update.win32_1.5.0.202011040924/tools/bin/../lib/gcc/arm-none-eabi/9.3.1/../../../../arm-none-eabi/lib/thumb/v7e-m+fp/hard\libc_nano.a(lib_a-localeconv.o)
                0x00000000080083c0                _localeconv_r
 .text.malloc   0x00000000080083c8       0x10 d:/st/stm32cubeide_1.5.0/stm32cubeide/plugins/com.st.stm32cube.ide.mcu.externaltools.gnu-tools-for-stm32.9-2020-q2-update.win32_1.5.0.202011040924/tools/bin/../lib/gcc/arm-none-eabi/9.3.1/../../../../arm-none-eabi/lib/thumb/v7e-m+fp/hard\libc_nano.a(lib_a-malloc.o)
                0x00000000080083c8                malloc
 .text.memcpy   0x00000000080083d8       0x1c d:/st/stm32cubeide_1.5.0/stm32cubeide/plugins/com.st.stm32cube.ide.mcu.externaltools.gnu-tools-for-stm32.9-2020-q2-update.win32_1.5.0.202011040924/tools/bin/../lib/gcc/arm-none-eabi/9.3.1/../../../../arm-none-eabi/lib/thumb/v7e-m+fp/hard\libc_nano.a(lib_a-memcpy-stub.o)
                0x00000000080083d8                memcpy
 .text._Balloc  0x00000000080083f4       0x80 d:/st/stm32cubeide_1.5.0/stm32cubeide/plugins/com.st.stm32cube.ide.mcu.externaltools.gnu-tools-for-stm32.9-2020-q2-update.win32_1.5.0.202011040924/tools/bin/../lib/gcc/arm-none-eabi/9.3.1/../../../../arm-none-eabi/lib/thumb/v7e-m+fp/hard\libc_nano.a(lib_a-mprec.o)
                0x00000000080083f4                _Balloc
 .text._Bfree   0x0000000008008474       0x44 d:/st/stm32cubeide_1.5.0/stm32cubeide/plugins/com.st.stm32cube.ide.mcu.externaltools.gnu-tools-for-stm32.9-2020-q2-update.win32_1.5.0.202011040924/tools/bin/../lib/gcc/arm-none-eabi/9.3.1/../../../../arm-none-eabi/lib/thumb/v7e-m+fp/hard\libc_nano.a(lib_a-mprec.o)
                0x0000000008008474                _Bfree
 .text.__multadd
                0x00000000080084b8       0x94 d:/st/stm32cubeide_1.5.0/stm32cubeide/plugins/com.st.stm32cube.ide.mcu.externaltools.gnu-tools-for-stm32.9-2020-q2-update.win32_1.5.0.202011040924/tools/bin/../lib/gcc/arm-none-eabi/9.3.1/../../../../arm-none-eabi/lib/thumb/v7e-m+fp/hard\libc_nano.a(lib_a-mprec.o)
                0x00000000080084b8                __multadd
 .text.__hi0bits
                0x000000000800854c       0x40 d:/st/stm32cubeide_1.5.0/stm32cubeide/plugins/com.st.stm32cube.ide.mcu.externaltools.gnu-tools-for-stm32.9-2020-q2-update.win32_1.5.0.202011040924/tools/bin/../lib/gcc/arm-none-eabi/9.3.1/../../../../arm-none-eabi/lib/thumb/v7e-m+fp/hard\libc_nano.a(lib_a-mprec.o)
                0x000000000800854c                __hi0bits
 .text.__lo0bits
                0x000000000800858c       0x60 d:/st/stm32cubeide_1.5.0/stm32cubeide/plugins/com.st.stm32cube.ide.mcu.externaltools.gnu-tools-for-stm32.9-2020-q2-update.win32_1.5.0.202011040924/tools/bin/../lib/gcc/arm-none-eabi/9.3.1/../../../../arm-none-eabi/lib/thumb/v7e-m+fp/hard\libc_nano.a(lib_a-mprec.o)
                0x000000000800858c                __lo0bits
 .text.__i2b    0x00000000080085ec       0x2c d:/st/stm32cubeide_1.5.0/stm32cubeide/plugins/com.st.stm32cube.ide.mcu.externaltools.gnu-tools-for-stm32.9-2020-q2-update.win32_1.5.0.202011040924/tools/bin/../lib/gcc/arm-none-eabi/9.3.1/../../../../arm-none-eabi/lib/thumb/v7e-m+fp/hard\libc_nano.a(lib_a-mprec.o)
                0x00000000080085ec                __i2b
 .text.__multiply
                0x0000000008008618      0x14c d:/st/stm32cubeide_1.5.0/stm32cubeide/plugins/com.st.stm32cube.ide.mcu.externaltools.gnu-tools-for-stm32.9-2020-q2-update.win32_1.5.0.202011040924/tools/bin/../lib/gcc/arm-none-eabi/9.3.1/../../../../arm-none-eabi/lib/thumb/v7e-m+fp/hard\libc_nano.a(lib_a-mprec.o)
                0x0000000008008618                __multiply
 .text.__pow5mult
                0x0000000008008764       0xb4 d:/st/stm32cubeide_1.5.0/stm32cubeide/plugins/com.st.stm32cube.ide.mcu.externaltools.gnu-tools-for-stm32.9-2020-q2-update.win32_1.5.0.202011040924/tools/bin/../lib/gcc/arm-none-eabi/9.3.1/../../../../arm-none-eabi/lib/thumb/v7e-m+fp/hard\libc_nano.a(lib_a-mprec.o)
                0x0000000008008764                __pow5mult
 .text.__lshift
                0x0000000008008818       0xd8 d:/st/stm32cubeide_1.5.0/stm32cubeide/plugins/com.st.stm32cube.ide.mcu.externaltools.gnu-tools-for-stm32.9-2020-q2-update.win32_1.5.0.202011040924/tools/bin/../lib/gcc/arm-none-eabi/9.3.1/../../../../arm-none-eabi/lib/thumb/v7e-m+fp/hard\libc_nano.a(lib_a-mprec.o)
                0x0000000008008818                __lshift
 .text.__mcmp   0x00000000080088f0       0x38 d:/st/stm32cubeide_1.5.0/stm32cubeide/plugins/com.st.stm32cube.ide.mcu.externaltools.gnu-tools-for-stm32.9-2020-q2-update.win32_1.5.0.202011040924/tools/bin/../lib/gcc/arm-none-eabi/9.3.1/../../../../arm-none-eabi/lib/thumb/v7e-m+fp/hard\libc_nano.a(lib_a-mprec.o)
                0x00000000080088f0                __mcmp
 .text.__mdiff  0x0000000008008928      0x110 d:/st/stm32cubeide_1.5.0/stm32cubeide/plugins/com.st.stm32cube.ide.mcu.externaltools.gnu-tools-for-stm32.9-2020-q2-update.win32_1.5.0.202011040924/tools/bin/../lib/gcc/arm-none-eabi/9.3.1/../../../../arm-none-eabi/lib/thumb/v7e-m+fp/hard\libc_nano.a(lib_a-mprec.o)
                0x0000000008008928                __mdiff
 .text.__d2b    0x0000000008008a38       0xb8 d:/st/stm32cubeide_1.5.0/stm32cubeide/plugins/com.st.stm32cube.ide.mcu.externaltools.gnu-tools-for-stm32.9-2020-q2-update.win32_1.5.0.202011040924/tools/bin/../lib/gcc/arm-none-eabi/9.3.1/../../../../arm-none-eabi/lib/thumb/v7e-m+fp/hard\libc_nano.a(lib_a-mprec.o)
                0x0000000008008a38                __d2b
 .text._calloc_r
                0x0000000008008af0       0x1e d:/st/stm32cubeide_1.5.0/stm32cubeide/plugins/com.st.stm32cube.ide.mcu.externaltools.gnu-tools-for-stm32.9-2020-q2-update.win32_1.5.0.202011040924/tools/bin/../lib/gcc/arm-none-eabi/9.3.1/../../../../arm-none-eabi/lib/thumb/v7e-m+fp/hard\libc_nano.a(lib_a-nano-callocr.o)
                0x0000000008008af0                _calloc_r
 *fill*         0x0000000008008b0e        0x2 
 .text._free_r  0x0000000008008b10       0xa0 d:/st/stm32cubeide_1.5.0/stm32cubeide/plugins/com.st.stm32cube.ide.mcu.externaltools.gnu-tools-for-stm32.9-2020-q2-update.win32_1.5.0.202011040924/tools/bin/../lib/gcc/arm-none-eabi/9.3.1/../../../../arm-none-eabi/lib/thumb/v7e-m+fp/hard\libc_nano.a(lib_a-nano-freer.o)
                0x0000000008008b10                _free_r
 .text._malloc_r
                0x0000000008008bb0       0xb4 d:/st/stm32cubeide_1.5.0/stm32cubeide/plugins/com.st.stm32cube.ide.mcu.externaltools.gnu-tools-for-stm32.9-2020-q2-update.win32_1.5.0.202011040924/tools/bin/../lib/gcc/arm-none-eabi/9.3.1/../../../../arm-none-eabi/lib/thumb/v7e-m+fp/hard\libc_nano.a(lib_a-nano-mallocr.o)
                0x0000000008008bb0                _malloc_r
 .text.__ssputs_r
                0x0000000008008c64       0xb6 d:/st/stm32cubeide_1.5.0/stm32cubeide/plugins/com.st.stm32cube.ide.mcu.externaltools.gnu-tools-for-stm32.9-2020-q2-update.win32_1.5.0.202011040924/tools/bin/../lib/gcc/arm-none-eabi/9.3.1/../../../../arm-none-eabi/lib/thumb/v7e-m+fp/hard\libc_nano.a(lib_a-nano-svfprintf.o)
                0x0000000008008c64                __ssputs_r
 *fill*         0x0000000008008d1a        0x2 
 .text._svfprintf_r
                0x0000000008008d1c      0x200 d:/st/stm32cubeide_1.5.0/stm32cubeide/plugins/com.st.stm32cube.ide.mcu.externaltools.gnu-tools-for-stm32.9-2020-q2-update.win32_1.5.0.202011040924/tools/bin/../lib/gcc/arm-none-eabi/9.3.1/../../../../arm-none-eabi/lib/thumb/v7e-m+fp/hard\libc_nano.a(lib_a-nano-svfprintf.o)
                0x0000000008008d1c                _svfiprintf_r
                0x0000000008008d1c                _svfprintf_r
 .text._sbrk_r  0x0000000008008f1c       0x20 d:/st/stm32cubeide_1.5.0/stm32cubeide/plugins/com.st.stm32cube.ide.mcu.externaltools.gnu-tools-for-stm32.9-2020-q2-update.win32_1.5.0.202011040924/tools/bin/../lib/gcc/arm-none-eabi/9.3.1/../../../../arm-none-eabi/lib/thumb/v7e-m+fp/hard\libc_nano.a(lib_a-sbrkr.o)
                0x0000000008008f1c                _sbrk_r
 .text.__assert_func
                0x0000000008008f3c       0x3c d:/st/stm32cubeide_1.5.0/stm32cubeide/plugins/com.st.stm32cube.ide.mcu.externaltools.gnu-tools-for-stm32.9-2020-q2-update.win32_1.5.0.202011040924/tools/bin/../lib/gcc/arm-none-eabi/9.3.1/../../../../arm-none-eabi/lib/thumb/v7e-m+fp/hard\libc_nano.a(lib_a-assert.o)
                0x0000000008008f3c                __assert_func
 .text.fprintf  0x0000000008008f78       0x24 d:/st/stm32cubeide_1.5.0/stm32cubeide/plugins/com.st.stm32cube.ide.mcu.externaltools.gnu-tools-for-stm32.9-2020-q2-update.win32_1.5.0.202011040924/tools/bin/../lib/gcc/arm-none-eabi/9.3.1/../../../../arm-none-eabi/lib/thumb/v7e-m+fp/hard\libc_nano.a(lib_a-fprintf.o)
                0x0000000008008f78                fiprintf
                0x0000000008008f78                fprintf
 .text.__ascii_mbtowc
                0x0000000008008f9c       0x24 d:/st/stm32cubeide_1.5.0/stm32cubeide/plugins/com.st.stm32cube.ide.mcu.externaltools.gnu-tools-for-stm32.9-2020-q2-update.win32_1.5.0.202011040924/tools/bin/../lib/gcc/arm-none-eabi/9.3.1/../../../../arm-none-eabi/lib/thumb/v7e-m+fp/hard\libc_nano.a(lib_a-mbtowc_r.o)
                0x0000000008008f9c                __ascii_mbtowc
 .text.memmove  0x0000000008008fc0       0x34 d:/st/stm32cubeide_1.5.0/stm32cubeide/plugins/com.st.stm32cube.ide.mcu.externaltools.gnu-tools-for-stm32.9-2020-q2-update.win32_1.5.0.202011040924/tools/bin/../lib/gcc/arm-none-eabi/9.3.1/../../../../arm-none-eabi/lib/thumb/v7e-m+fp/hard\libc_nano.a(lib_a-memmove.o)
                0x0000000008008fc0                memmove
 .text.__malloc_lock
                0x0000000008008ff4        0xc d:/st/stm32cubeide_1.5.0/stm32cubeide/plugins/com.st.stm32cube.ide.mcu.externaltools.gnu-tools-for-stm32.9-2020-q2-update.win32_1.5.0.202011040924/tools/bin/../lib/gcc/arm-none-eabi/9.3.1/../../../../arm-none-eabi/lib/thumb/v7e-m+fp/hard\libc_nano.a(lib_a-mlock.o)
                0x0000000008008ff4                __malloc_lock
 .text.__malloc_unlock
                0x0000000008009000        0xc d:/st/stm32cubeide_1.5.0/stm32cubeide/plugins/com.st.stm32cube.ide.mcu.externaltools.gnu-tools-for-stm32.9-2020-q2-update.win32_1.5.0.202011040924/tools/bin/../lib/gcc/arm-none-eabi/9.3.1/../../../../arm-none-eabi/lib/thumb/v7e-m+fp/hard\libc_nano.a(lib_a-mlock.o)
                0x0000000008009000                __malloc_unlock
 .text._realloc_r
                0x000000000800900c       0x4c d:/st/stm32cubeide_1.5.0/stm32cubeide/plugins/com.st.stm32cube.ide.mcu.externaltools.gnu-tools-for-stm32.9-2020-q2-update.win32_1.5.0.202011040924/tools/bin/../lib/gcc/arm-none-eabi/9.3.1/../../../../arm-none-eabi/lib/thumb/v7e-m+fp/hard\libc_nano.a(lib_a-nano-reallocr.o)
                0x000000000800900c                _realloc_r
 .text.__sfputc_r
                0x0000000008009058       0x2e d:/st/stm32cubeide_1.5.0/stm32cubeide/plugins/com.st.stm32cube.ide.mcu.externaltools.gnu-tools-for-stm32.9-2020-q2-update.win32_1.5.0.202011040924/tools/bin/../lib/gcc/arm-none-eabi/9.3.1/../../../../arm-none-eabi/lib/thumb/v7e-m+fp/hard\libc_nano.a(lib_a-nano-vfprintf.o)
 .text.__sfputs_r
                0x0000000008009086       0x24 d:/st/stm32cubeide_1.5.0/stm32cubeide/plugins/com.st.stm32cube.ide.mcu.externaltools.gnu-tools-for-stm32.9-2020-q2-update.win32_1.5.0.202011040924/tools/bin/../lib/gcc/arm-none-eabi/9.3.1/../../../../arm-none-eabi/lib/thumb/v7e-m+fp/hard\libc_nano.a(lib_a-nano-vfprintf.o)
                0x0000000008009086                __sfputs_r
 *fill*         0x00000000080090aa        0x2 
 .text._vfprintf_r
                0x00000000080090ac      0x260 d:/st/stm32cubeide_1.5.0/stm32cubeide/plugins/com.st.stm32cube.ide.mcu.externaltools.gnu-tools-for-stm32.9-2020-q2-update.win32_1.5.0.202011040924/tools/bin/../lib/gcc/arm-none-eabi/9.3.1/../../../../arm-none-eabi/lib/thumb/v7e-m+fp/hard\libc_nano.a(lib_a-nano-vfprintf.o)
                0x00000000080090ac                _vfprintf_r
                0x00000000080090ac                _vfiprintf_r
 .text.__swbuf_r
                0x000000000800930c       0xa4 d:/st/stm32cubeide_1.5.0/stm32cubeide/plugins/com.st.stm32cube.ide.mcu.externaltools.gnu-tools-for-stm32.9-2020-q2-update.win32_1.5.0.202011040924/tools/bin/../lib/gcc/arm-none-eabi/9.3.1/../../../../arm-none-eabi/lib/thumb/v7e-m+fp/hard\libc_nano.a(lib_a-wbuf.o)
                0x000000000800930c                __swbuf_r
 .text.__ascii_wctomb
                0x00000000080093b0       0x1a d:/st/stm32cubeide_1.5.0/stm32cubeide/plugins/com.st.stm32cube.ide.mcu.externaltools.gnu-tools-for-stm32.9-2020-q2-update.win32_1.5.0.202011040924/tools/bin/../lib/gcc/arm-none-eabi/9.3.1/../../../../arm-none-eabi/lib/thumb/v7e-m+fp/hard\libc_nano.a(lib_a-wctomb_r.o)
                0x00000000080093b0                __ascii_wctomb
 *fill*         0x00000000080093ca        0x2 
 .text.__swsetup_r
                0x00000000080093cc       0xdc d:/st/stm32cubeide_1.5.0/stm32cubeide/plugins/com.st.stm32cube.ide.mcu.externaltools.gnu-tools-for-stm32.9-2020-q2-update.win32_1.5.0.202011040924/tools/bin/../lib/gcc/arm-none-eabi/9.3.1/../../../../arm-none-eabi/lib/thumb/v7e-m+fp/hard\libc_nano.a(lib_a-wsetup.o)
                0x00000000080093cc                __swsetup_r
 .text.abort    0x00000000080094a8        0xe d:/st/stm32cubeide_1.5.0/stm32cubeide/plugins/com.st.stm32cube.ide.mcu.externaltools.gnu-tools-for-stm32.9-2020-q2-update.win32_1.5.0.202011040924/tools/bin/../lib/gcc/arm-none-eabi/9.3.1/../../../../arm-none-eabi/lib/thumb/v7e-m+fp/hard\libc_nano.a(lib_a-abort.o)
                0x00000000080094a8                abort
 *fill*         0x00000000080094b6        0x2 
 .text.__sflush_r
                0x00000000080094b8      0x10c d:/st/stm32cubeide_1.5.0/stm32cubeide/plugins/com.st.stm32cube.ide.mcu.externaltools.gnu-tools-for-stm32.9-2020-q2-update.win32_1.5.0.202011040924/tools/bin/../lib/gcc/arm-none-eabi/9.3.1/../../../../arm-none-eabi/lib/thumb/v7e-m+fp/hard\libc_nano.a(lib_a-fflush.o)
                0x00000000080094b8                __sflush_r
 .text._fflush_r
                0x00000000080095c4       0x78 d:/st/stm32cubeide_1.5.0/stm32cubeide/plugins/com.st.stm32cube.ide.mcu.externaltools.gnu-tools-for-stm32.9-2020-q2-update.win32_1.5.0.202011040924/tools/bin/../lib/gcc/arm-none-eabi/9.3.1/../../../../arm-none-eabi/lib/thumb/v7e-m+fp/hard\libc_nano.a(lib_a-fflush.o)
                0x00000000080095c4                _fflush_r
 .text.std      0x000000000800963c       0x48 d:/st/stm32cubeide_1.5.0/stm32cubeide/plugins/com.st.stm32cube.ide.mcu.externaltools.gnu-tools-for-stm32.9-2020-q2-update.win32_1.5.0.202011040924/tools/bin/../lib/gcc/arm-none-eabi/9.3.1/../../../../arm-none-eabi/lib/thumb/v7e-m+fp/hard\libc_nano.a(lib_a-findfp.o)
 .text._cleanup_r
                0x0000000008009684        0xc d:/st/stm32cubeide_1.5.0/stm32cubeide/plugins/com.st.stm32cube.ide.mcu.externaltools.gnu-tools-for-stm32.9-2020-q2-update.win32_1.5.0.202011040924/tools/bin/../lib/gcc/arm-none-eabi/9.3.1/../../../../arm-none-eabi/lib/thumb/v7e-m+fp/hard\libc_nano.a(lib_a-findfp.o)
                0x0000000008009684                _cleanup_r
 .text.__sfmoreglue
                0x0000000008009690       0x2c d:/st/stm32cubeide_1.5.0/stm32cubeide/plugins/com.st.stm32cube.ide.mcu.externaltools.gnu-tools-for-stm32.9-2020-q2-update.win32_1.5.0.202011040924/tools/bin/../lib/gcc/arm-none-eabi/9.3.1/../../../../arm-none-eabi/lib/thumb/v7e-m+fp/hard\libc_nano.a(lib_a-findfp.o)
                0x0000000008009690                __sfmoreglue
 .text.__sfp_lock_acquire
                0x00000000080096bc        0xc d:/st/stm32cubeide_1.5.0/stm32cubeide/plugins/com.st.stm32cube.ide.mcu.externaltools.gnu-tools-for-stm32.9-2020-q2-update.win32_1.5.0.202011040924/tools/bin/../lib/gcc/arm-none-eabi/9.3.1/../../../../arm-none-eabi/lib/thumb/v7e-m+fp/hard\libc_nano.a(lib_a-findfp.o)
                0x00000000080096bc                __sfp_lock_acquire
 .text.__sfp_lock_release
                0x00000000080096c8        0xc d:/st/stm32cubeide_1.5.0/stm32cubeide/plugins/com.st.stm32cube.ide.mcu.externaltools.gnu-tools-for-stm32.9-2020-q2-update.win32_1.5.0.202011040924/tools/bin/../lib/gcc/arm-none-eabi/9.3.1/../../../../arm-none-eabi/lib/thumb/v7e-m+fp/hard\libc_nano.a(lib_a-findfp.o)
                0x00000000080096c8                __sfp_lock_release
 .text.__sinit_lock_acquire
                0x00000000080096d4        0xc d:/st/stm32cubeide_1.5.0/stm32cubeide/plugins/com.st.stm32cube.ide.mcu.externaltools.gnu-tools-for-stm32.9-2020-q2-update.win32_1.5.0.202011040924/tools/bin/../lib/gcc/arm-none-eabi/9.3.1/../../../../arm-none-eabi/lib/thumb/v7e-m+fp/hard\libc_nano.a(lib_a-findfp.o)
                0x00000000080096d4                __sinit_lock_acquire
 .text.__sinit_lock_release
                0x00000000080096e0        0xc d:/st/stm32cubeide_1.5.0/stm32cubeide/plugins/com.st.stm32cube.ide.mcu.externaltools.gnu-tools-for-stm32.9-2020-q2-update.win32_1.5.0.202011040924/tools/bin/../lib/gcc/arm-none-eabi/9.3.1/../../../../arm-none-eabi/lib/thumb/v7e-m+fp/hard\libc_nano.a(lib_a-findfp.o)
                0x00000000080096e0                __sinit_lock_release
 .text.__sinit  0x00000000080096ec       0x70 d:/st/stm32cubeide_1.5.0/stm32cubeide/plugins/com.st.stm32cube.ide.mcu.externaltools.gnu-tools-for-stm32.9-2020-q2-update.win32_1.5.0.202011040924/tools/bin/../lib/gcc/arm-none-eabi/9.3.1/../../../../arm-none-eabi/lib/thumb/v7e-m+fp/hard\libc_nano.a(lib_a-findfp.o)
                0x00000000080096ec                __sinit
 .text.__sfp    0x000000000800975c       0x8c d:/st/stm32cubeide_1.5.0/stm32cubeide/plugins/com.st.stm32cube.ide.mcu.externaltools.gnu-tools-for-stm32.9-2020-q2-update.win32_1.5.0.202011040924/tools/bin/../lib/gcc/arm-none-eabi/9.3.1/../../../../arm-none-eabi/lib/thumb/v7e-m+fp/hard\libc_nano.a(lib_a-findfp.o)
                0x000000000800975c                __sfp
 .text._fwalk_reent
                0x00000000080097e8       0x3e d:/st/stm32cubeide_1.5.0/stm32cubeide/plugins/com.st.stm32cube.ide.mcu.externaltools.gnu-tools-for-stm32.9-2020-q2-update.win32_1.5.0.202011040924/tools/bin/../lib/gcc/arm-none-eabi/9.3.1/../../../../arm-none-eabi/lib/thumb/v7e-m+fp/hard\libc_nano.a(lib_a-fwalk.o)
                0x00000000080097e8                _fwalk_reent
 .text.__retarget_lock_init_recursive
                0x0000000008009826        0x2 d:/st/stm32cubeide_1.5.0/stm32cubeide/plugins/com.st.stm32cube.ide.mcu.externaltools.gnu-tools-for-stm32.9-2020-q2-update.win32_1.5.0.202011040924/tools/bin/../lib/gcc/arm-none-eabi/9.3.1/../../../../arm-none-eabi/lib/thumb/v7e-m+fp/hard\libc_nano.a(lib_a-lock.o)
                0x0000000008009826                __retarget_lock_init_recursive
 .text.__retarget_lock_acquire_recursive
                0x0000000008009828        0x2 d:/st/stm32cubeide_1.5.0/stm32cubeide/plugins/com.st.stm32cube.ide.mcu.externaltools.gnu-tools-for-stm32.9-2020-q2-update.win32_1.5.0.202011040924/tools/bin/../lib/gcc/arm-none-eabi/9.3.1/../../../../arm-none-eabi/lib/thumb/v7e-m+fp/hard\libc_nano.a(lib_a-lock.o)
                0x0000000008009828                __retarget_lock_acquire_recursive
 .text.__retarget_lock_release_recursive