stm32f4xx_it.c:71:6:NMI_Handler	0	static
stm32f4xx_it.c:84:6:MemManage_Handler	0	static
stm32f4xx_it.c:99:6:BusFault_Handler	0	static
stm32f4xx_it.c:114:6:UsageFault_Handler	0	static
stm32f4xx_it.c:129:6:SVC_Handler	0	static
stm32f4xx_it.c:142:6:DebugMon_Handler	0	static
stm32f4xx_it.c:155:6:PendSV_Handler	0	static
stm32f4xx_it.c:168:6:SysTick_Handler	8	static
stm32f4xx_it.c:189:6:TIM1_UP_TIM10_IRQHandler	8	static
stm32f4xx_it.c:203:6:USART2_IRQHandler	8	static
stm32f4xx_it.c:217:6:EXTI15_10_IRQHandler	8	static
